Microchip MPLAB XC8 Compiler V2.10 ()

Linker command line:

-W-3 --edf=C:\Program Files (x86)\Microchip\xc8\v2.10\pic\dat\en_msgs.txt \
  -cs -h+dist/default/production\i2c.X.production.sym \
  --cmf=dist/default/production\i2c.X.production.cmf -z -Q18F46K22 \
  -oC:\Users\Tahir\AppData\Local\Temp\s6t0.2 --defsym=__MPLAB_BUILD=1 \
  -Mdist/default/production/i2c.X.production.map -E1 -ver=XC8 --acfsm=1493 \
  -ASTACK=0C6h-0F37h -pstack=STACK -ACODE=00h-0FFFFh -ACONST=00h-0FFFFh \
  -ASMALLCONST=01000h-010FFhx240 -AMEDIUMCONST=01000h-0FFFFh \
  -ACOMRAM=01h-05Fh -AABS1=00h-0F37h -ABIGRAM=01h-0F37h \
  -ARAM=060h-0FFh,0100h-01FFhx14,0F00h-0F37h -ABANK0=060h-0FFh \
  -ABANK1=0100h-01FFh -ABANK2=0200h-02FFh -ABANK3=0300h-03FFh \
  -ABANK4=0400h-04FFh -ABANK5=0500h-05FFh -ABANK6=0600h-06FFh \
  -ABANK7=0700h-07FFh -ABANK8=0800h-08FFh -ABANK9=0900h-09FFh \
  -ABANK10=0A00h-0AFFh -ABANK11=0B00h-0BFFh -ABANK12=0C00h-0CFFh \
  -ABANK13=0D00h-0DFFh -ABANK14=0E00h-0EFFh -ABANK15=0F00h-0F37h \
  -ASFR=0F38h-0F5Fh,0F60h-0FFFh \
  -preset_vec=00h,intcode=08h,intcodelo,powerup,init -pramtop=01000h \
  -psmallconst=SMALLCONST -pmediumconst=MEDIUMCONST -pconst=CONST \
  -AFARRAM=00h-00h -ACONFIG=0300000h-030000Dh -pconfig=CONFIG \
  -AIDLOC=0200000h-0200007h -pidloc=IDLOC -AEEDATA=0F00000h-0F003FFh \
  -peeprom_data=EEDATA \
  -prdata=COMRAM,nvrram=COMRAM,nvbit=COMRAM,rbss=COMRAM,rbit=COMRAM \
  -pfarbss=FARRAM,fardata=FARRAM,nvFARRAM=FARRAM \
  -pintsave_regs=BIGRAM,bigbss=BIGRAM,bigdata=BIGRAM -pbss=RAM \
  -pidata=CODE,irdata=CODE,ibigdata=CODE,ifardata=CODE -prparam=COMRAM \
  C:\Users\Tahir\AppData\Local\Temp\s6t0.o \
  dist/default/production\i2c.X.production.o 

Object code version is 3.11

Machine type is 18F46K22

Call graph: (short form)




                Name                               Link     Load   Length Selector   Space Scale
C:\Users\Tahir\AppData\Local\Temp\s6t0.o
                init                                 74       74        4        4       0
                reset_vec                             0        0        4        0       0
                idloc                            200000   200000        8   200000       0
                config                           300000   300000        E   300000       0
dist/default/production\i2c.X.production.o
                intcode                               8        8       6C        4       0
                temp                                 57       57        1        1       1
                smallconst                         1000     1000       16      800       0
                text34                             21D0     21D0        4      80B       0
                text33                             213A     213A       1E      80B       0
                text32                             1EF6     1EF6       4A      80B       0
                text31                             1016     1016      31E      80B       0
                text29                             1E5C     1E5C       50      80B       0
                text28                             2184     2184       12      80B       0
                text27                             1ABC     1ABC       C8      80B       0
                text26                             1E04     1E04       58      80B       0
                text25                             1F84     1F84       44      80B       0
                text24                             1DAC     1DAC       58      80B       0
                text23                             1CDC     1CDC       6C      80B       0
                text22                             21C2     21C2        A      80B       0
                text21                             21B8     21B8        A      80B       0
                text20                             21AE     21AE        A      80B       0
                text19                             2008     2008       40      80B       0
                text18                             20BC     20BC       34      80B       0
                text17                             21CC     21CC        4      80B       0
                text16                             2196     2196        E      80B       0
                text15                             2048     2048       3E      80B       0
                text14                             216E     216E       16      80B       0
                text13                             17D0     17D0      188      80B       0
                text12                             1958     1958      164      80B       0
                text11                             1FC8     1FC8       40      80B       0
                text10                             2158     2158       16      80B       0
                text9                              21A4     21A4        A      80B       0
                text8                              1C46     1C46       96      80B       0
                text7                              1F40     1F40       44      80B       0
                text6                              2086     2086       36      80B       0
                text5                              1B84     1B84       C2      80B       0
                text4                              1334     1334      2DE      80B       0
                text3                              1612     1612      1BE      80B       0
                text2                              1D48     1D48       64      80B       0
                text1                              20F0     20F0       28      80B       0
                text0                              1EAC     1EAC       4A      80B       0
                cstackCOMRAM                          1        1       4E        1       1
                cstackBANK0                          A4       A4       1C       60       1
                bssBANK0                             60       60       44       60       1
                bssCOMRAM                            4F       4F        8        1       1
                cinit                              2118     2118       22      80B       0
                nvBANK0                              C0       C0        6       60       1

TOTAL           Name                               Link     Load   Length     Space
        CLASS   STACK          

        CLASS   CODE           
                intcode                               8        8       6C         0
                init                                 74       74        4         0
                reset_vec                             0        0        4         0
                text34                             21D0     21D0        4         0
                text33                             213A     213A       1E         0
                text32                             1EF6     1EF6       4A         0
                text31                             1016     1016      31E         0
                text29                             1E5C     1E5C       50         0
                text28                             2184     2184       12         0
                text27                             1ABC     1ABC       C8         0
                text26                             1E04     1E04       58         0
                text25                             1F84     1F84       44         0
                text24                             1DAC     1DAC       58         0
                text23                             1CDC     1CDC       6C         0
                text22                             21C2     21C2        A         0
                text21                             21B8     21B8        A         0
                text20                             21AE     21AE        A         0
                text19                             2008     2008       40         0
                text18                             20BC     20BC       34         0
                text17                             21CC     21CC        4         0
                text16                             2196     2196        E         0
                text15                             2048     2048       3E         0
                text14                             216E     216E       16         0
                text13                             17D0     17D0      188         0
                text12                             1958     1958      164         0
                text11                             1FC8     1FC8       40         0
                text10                             2158     2158       16         0
                text9                              21A4     21A4        A         0
                text8                              1C46     1C46       96         0
                text7                              1F40     1F40       44         0
                text6                              2086     2086       36         0
                text5                              1B84     1B84       C2         0
                text4                              1334     1334      2DE         0
                text3                              1612     1612      1BE         0
                text2                              1D48     1D48       64         0
                text1                              20F0     20F0       28         0
                text0                              1EAC     1EAC       4A         0
                cinit                              2118     2118       22         0

        CLASS   CONST          

        CLASS   SMALLCONST     
                smallconst                         1000     1000       16         0

        CLASS   MEDIUMCONST    

        CLASS   COMRAM         
                temp                                 57       57        1         1
                cstackCOMRAM                          1        1       4E         1
                bssCOMRAM                            4F       4F        8         1

        CLASS   ABS1           

        CLASS   BIGRAM         

        CLASS   RAM            

        CLASS   BANK0          
                cstackBANK0                          A4       A4       1C         1
                bssBANK0                             60       60       44         1
                nvBANK0                              C0       C0        6         1

        CLASS   BANK1          

        CLASS   BANK2          

        CLASS   BANK3          

        CLASS   BANK4          

        CLASS   BANK5          

        CLASS   BANK6          

        CLASS   BANK7          

        CLASS   BANK8          

        CLASS   BANK9          

        CLASS   BANK10         

        CLASS   BANK11         

        CLASS   BANK12         

        CLASS   BANK13         

        CLASS   BANK14         

        CLASS   BANK15         

        CLASS   SFR            

        CLASS   FARRAM         

        CLASS   CONFIG         
                config                           300000   300000        E         0

        CLASS   IDLOC          
                idloc                            200000   200000        8         0

        CLASS   EEDATA         



SEGMENTS        Name                           Load    Length   Top    Selector   Space  Class

                reset_vec                      000000  000004  000004         0       0  CODE    
                cstackCOMRAM                   000001  000057  000058         1       1  COMRAM  
                intcode                        000008  000070  000078         4       0  CODE    
                bssBANK0                       000060  000066  0000C6        60       1  BANK0   
                smallconst                     001000  000016  001016       800       0  SMALLCON
                text31                         001016  0011BE  0021D4       80B       0  CODE    
                idloc                          200000  000008  200008    200000       0  IDLOC   
                config                         300000  00000E  30000E    300000       0  CONFIG  


UNUSED ADDRESS RANGES

        Name                Unused          Largest block    Delta
        BANK0            0000C6-0000FF               3A
        BANK1            000100-0001FF              100
        BANK10           000A00-000AFF              100
        BANK11           000B00-000BFF              100
        BANK12           000C00-000CFF              100
        BANK13           000D00-000DFF              100
        BANK14           000E00-000EFF              100
        BANK15           000F00-000F37               38
        BANK2            000200-0002FF              100
        BANK3            000300-0003FF              100
        BANK4            000400-0004FF              100
        BANK5            000500-0005FF              100
        BANK6            000600-0006FF              100
        BANK7            000700-0007FF              100
        BANK8            000800-0008FF              100
        BANK9            000900-0009FF              100
        BIGRAM           000058-00005F                8
                         0000C6-000F37              E72
        CODE             000004-000007                4
                         000078-000FFF              F88
                         0021D4-00FFFF             DE2C
        COMRAM           000058-00005F                8
        CONST            000004-000007                4
                         000078-000FFF              F88
                         0021D4-00FFFF             DE2C
        EEDATA           F00000-F003FF              400
        MEDIUMCONST      0021D4-00FFFF             DE2C
        RAM              0000C6-000F37              100
        SFR              000F38-000FFF               28
        SMALLCONST       0021D4-00FFFF              100
        STACK            0000C6-000F37              E72

                                  Symbol Table

?___aodiv                                       cstackCOMRAM 000008
?___aomod                                       cstackCOMRAM 000008
?_abs                                           cstackCOMRAM 00001A
?_dtoa                                          cstackCOMRAM 000025
?_pad                                           cstackCOMRAM 00001A
?_printf                                        cstackBANK0  0000B6
?_strlen                                        cstackCOMRAM 000008
?_vfpfcnvrt                                     cstackCOMRAM 000049
?_vfprintf                                      cstackBANK0  0000AE
EUSART1_SetErrorHandler@interruptHandler        cstackCOMRAM 000008
EUSART1_SetFramingErrorHandler@interruptHandler cstackCOMRAM 000008
EUSART1_SetOverrunErrorHandler@interruptHandler cstackCOMRAM 000008
EUSART1_Write@txData                            cstackCOMRAM 000008
I2C1_ISR@i2c_10bit_address_restart              bssCOMRAM    000051
I2C1_ISR@i2c_address                            bssCOMRAM    000055
I2C1_ISR@i2c_bytes_left                         bssCOMRAM    000052
I2C1_ISR@pi2c_buf_ptr                           bssBANK0     00006D
I2C1_MasterRead@address                         cstackCOMRAM 000014
I2C1_MasterRead@length                          cstackCOMRAM 000013
I2C1_MasterRead@pdata                           cstackCOMRAM 000011
I2C1_MasterRead@pflag                           cstackCOMRAM 000016
I2C1_MasterRead@trBlock                         bssBANK0     000095
I2C1_MasterReadTRBBuild@address                 cstackCOMRAM 00000D
I2C1_MasterReadTRBBuild@length                  cstackCOMRAM 00000C
I2C1_MasterReadTRBBuild@pdata                   cstackCOMRAM 00000A
I2C1_MasterReadTRBBuild@ptrb                    cstackCOMRAM 000008
I2C1_MasterTRBInsert@count                      cstackCOMRAM 00000D
I2C1_MasterTRBInsert@pflag                      cstackCOMRAM 00000A
I2C1_MasterTRBInsert@ptrb_list                  cstackCOMRAM 000008
I2C1_MasterWrite@address                        cstackCOMRAM 000014
I2C1_MasterWrite@length                         cstackCOMRAM 000013
I2C1_MasterWrite@pdata                          cstackCOMRAM 000011
I2C1_MasterWrite@pflag                          cstackCOMRAM 000016
I2C1_MasterWrite@trBlock                        bssBANK0     00009A
I2C1_MasterWriteTRBBuild@address                cstackCOMRAM 00000D
I2C1_MasterWriteTRBBuild@length                 cstackCOMRAM 00000C
I2C1_MasterWriteTRBBuild@pdata                  cstackCOMRAM 00000A
I2C1_MasterWriteTRBBuild@ptrb                   cstackCOMRAM 000008
I2C1_Stop@completion_code                       cstackCOMRAM 000003
ReadTemperature@TC_74                           cstackCOMRAM 000018
ReadTemperature@readtemp                        cstackCOMRAM 000019
ReadTemperature@status                          cstackCOMRAM 00001A
_ANSELA                                         (abs)        000F38
_ANSELB                                         (abs)        000F39
_ANSELC                                         (abs)        000F3A
_ANSELD                                         (abs)        000F3B
_ANSELE                                         (abs)        000F3C
_BAUDCON1                                       (abs)        000FB8
_EUSART1_DefaultErrorHandler                    (abs)        000000
_EUSART1_DefaultFramingErrorHandler             (abs)        000000
_EUSART1_DefaultOverrunErrorHandler             (abs)        000000
_EUSART1_ErrorHandler                           nvBANK0      0000C0
_EUSART1_FramingErrorHandler                    nvBANK0      0000C4
_EUSART1_Initialize                             text19       002008
_EUSART1_OverrunErrorHandler                    nvBANK0      0000C2
_EUSART1_SetErrorHandler                        text22       0021C2
_EUSART1_SetFramingErrorHandler                 text21       0021B8
_EUSART1_SetOverrunErrorHandler                 text20       0021AE
_EUSART1_Write                                  text10       002158
_I2C1_BusCollisionISR                           text34       0021D0
_I2C1_FunctionComplete                          text33       00213A
_I2C1_ISR                                       text31       001016
_I2C1_Initialize                                text18       0020BC
_I2C1_MasterRead                                text26       001E04
_I2C1_MasterReadTRBBuild                        text29       001E5C
_I2C1_MasterTRBInsert                           text27       001ABC
_I2C1_MasterWrite                               text24       001DAC
_I2C1_MasterWriteTRBBuild                       text25       001F84
_I2C1_Stop                                      text32       001EF6
_I2C1_WaitForLastPacketToComplete               text28       002184
_INTCON2bits                                    (abs)        000FF1
_INTCONbits                                     (abs)        000FF2
_INTERRUPT_Initialize                           text17       0021CC
_INTERRUPT_InterruptManager                     intcode      000008
_LATA                                           (abs)        000F89
_LATB                                           (abs)        000F8A
_LATC                                           (abs)        000F8B
_LATD                                           (abs)        000F8C
_LATE                                           (abs)        000F8D
_OSCCON                                         (abs)        000FD3
_OSCCON2                                        (abs)        000FD2
_OSCILLATOR_Initialize                          text16       002196
_OSCTUNE                                        (abs)        000F9B
_PIE1bits                                       (abs)        000F9D
_PIE2bits                                       (abs)        000FA0
_PIN_MANAGER_Initialize                         text15       002048
_PIR1bits                                       (abs)        000F9E
_PIR2bits                                       (abs)        000FA1
_RCONbits                                       (abs)        000FD0
_RCREG1                                         (abs)        000FAE
_RCSTA1                                         (abs)        000FAB
_RCSTA1bits                                     (abs)        000FAB
_ReadTemperature                                text23       001CDC
_SPBRG1                                         (abs)        000FAF
_SPBRGH1                                        (abs)        000FB0
_SSP1ADD                                        (abs)        000FC8
_SSP1BUF                                        (abs)        000FC9
_SSP1CON1                                       (abs)        000FC6
_SSP1CON1bits                                   (abs)        000FC6
_SSP1CON2bits                                   (abs)        000FC5
_SSP1CON3                                       (abs)        000FCB
_SSP1STAT                                       (abs)        000FC7
_SYSTEM_Initialize                              text14       00216E
_TRISA                                          (abs)        000F92
_TRISB                                          (abs)        000F93
_TRISC                                          (abs)        000F94
_TRISD                                          (abs)        000F95
_TRISE                                          (abs)        000F96
_TXREG1                                         (abs)        000FAD
_TXSTA1                                         (abs)        000FAC
_TXSTA1bits                                     (abs)        000FAC
_WPUB                                           (abs)        000F61
__CFG_BOREN$SBORDIS                             (abs)        000000
__CFG_BORV$190                                  (abs)        000000
__CFG_CCP2MX$PORTC1                             (abs)        000000
__CFG_CCP3MX$PORTB5                             (abs)        000000
__CFG_CP0$OFF                                   (abs)        000000
__CFG_CP1$OFF                                   (abs)        000000
__CFG_CP2$OFF                                   (abs)        000000
__CFG_CP3$OFF                                   (abs)        000000
__CFG_CPB$OFF                                   (abs)        000000
__CFG_CPD$OFF                                   (abs)        000000
__CFG_DEBUG$OFF                                 (abs)        000000
__CFG_EBTR0$OFF                                 (abs)        000000
__CFG_EBTR1$OFF                                 (abs)        000000
__CFG_EBTR2$OFF                                 (abs)        000000
__CFG_EBTR3$OFF                                 (abs)        000000
__CFG_EBTRB$OFF                                 (abs)        000000
__CFG_FCMEN$OFF                                 (abs)        000000
__CFG_FOSC$INTIO67                              (abs)        000000
__CFG_HFOFST$ON                                 (abs)        000000
__CFG_IESO$OFF                                  (abs)        000000
__CFG_LVP$OFF                                   (abs)        000000
__CFG_MCLRE$EXTMCLR                             (abs)        000000
__CFG_P2BMX$PORTD2                              (abs)        000000
__CFG_PBADEN$ON                                 (abs)        000000
__CFG_PLLCFG$OFF                                (abs)        000000
__CFG_PRICLKEN$ON                               (abs)        000000
__CFG_PWRTEN$OFF                                (abs)        000000
__CFG_STVREN$ON                                 (abs)        000000
__CFG_T3CMX$PORTC0                              (abs)        000000
__CFG_WDTEN$OFF                                 (abs)        000000
__CFG_WDTPS$32768                               (abs)        000000
__CFG_WRT0$OFF                                  (abs)        000000
__CFG_WRT1$OFF                                  (abs)        000000
__CFG_WRT2$OFF                                  (abs)        000000
__CFG_WRT3$OFF                                  (abs)        000000
__CFG_WRTB$OFF                                  (abs)        000000
__CFG_WRTC$OFF                                  (abs)        000000
__CFG_WRTD$OFF                                  (abs)        000000
__CFG_XINST$OFF                                 (abs)        000000
__HRAM                                          (abs)        000000
__Habs1                                         abs1         000000
__Hbank0                                        bank0        000000
__Hbank1                                        bank1        000000
__Hbank10                                       bank10       000000
__Hbank11                                       bank11       000000
__Hbank12                                       bank12       000000
__Hbank13                                       bank13       000000
__Hbank14                                       bank14       000000
__Hbank15                                       bank15       000000
__Hbank2                                        bank2        000000
__Hbank3                                        bank3        000000
__Hbank4                                        bank4        000000
__Hbank5                                        bank5        000000
__Hbank6                                        bank6        000000
__Hbank7                                        bank7        000000
__Hbank8                                        bank8        000000
__Hbank9                                        bank9        000000
__Hbigbss                                       bigbss       000000
__Hbigdata                                      bigdata      000000
__Hbigram                                       bigram       000000
__Hbss                                          bss          000000
__HbssBANK0                                     bssBANK0     000000
__HbssCOMRAM                                    bssCOMRAM    000000
__Hcinit                                        cinit        000000
__Hclrtext                                      clrtext      000000
__Hcomram                                       comram       000000
__Hconfig                                       config       30000E
__Hconst                                        const        000000
__HcstackBANK0                                  cstackBANK0  000000
__HcstackCOMRAM                                 cstackCOMRAM 000000
__Hdata                                         data         000000
__Heeprom_data                                  eeprom_data  000000
__Hfarbss                                       farbss       000000
__Hfardata                                      fardata      000000
__Hibigdata                                     ibigdata     000000
__Hidata                                        idata        000000
__Hidloc                                        idloc        200008
__Hifardata                                     ifardata     000000
__Hinit                                         init         000078
__Hintcode                                      intcode      000074
__Hintcode_body                                 intcode_body 000000
__Hintcodelo                                    intcodelo    000074
__Hintentry                                     intentry     000000
__Hintret                                       intret       000000
__Hintsave_regs                                 intsave_regs 000000
__Hirdata                                       irdata       000000
__Hmediumconst                                  mediumconst  000000
__HnvBANK0                                      nvBANK0      000000
__HnvFARRAM                                     nvFARRAM     000000
__Hnvbit                                        nvbit        000000
__Hnvrram                                       nvrram       000000
__Hparam                                        rparam       000000
__Hpowerup                                      powerup      000074
__Hram                                          ram          000000
__Hramtop                                       ramtop       001000
__Hrbit                                         rbit         000000
__Hrbss                                         rbss         000000
__Hrdata                                        rdata        000000
__Hreset_vec                                    reset_vec    000004
__Hrparam                                       rparam       000000
__Hsfr                                          sfr          000000
__Hsmallconst                                   smallconst   001016
__Hspace_0                                      (abs)        30000E
__Hspace_1                                      (abs)        0000C6
__Hspace_2                                      (abs)        000000
__Hstack                                        stack        000000
__Hstruct                                       struct       000000
__Htemp                                         temp         000058
__Htext                                         text         000000
__Htext0                                        text0        000000
__Htext1                                        text1        000000
__Htext10                                       text10       000000
__Htext11                                       text11       000000
__Htext12                                       text12       000000
__Htext13                                       text13       000000
__Htext14                                       text14       000000
__Htext15                                       text15       000000
__Htext16                                       text16       000000
__Htext17                                       text17       000000
__Htext18                                       text18       000000
__Htext19                                       text19       000000
__Htext2                                        text2        000000
__Htext20                                       text20       000000
__Htext21                                       text21       000000
__Htext22                                       text22       000000
__Htext23                                       text23       000000
__Htext24                                       text24       000000
__Htext25                                       text25       000000
__Htext26                                       text26       000000
__Htext27                                       text27       000000
__Htext28                                       text28       000000
__Htext29                                       text29       000000
__Htext3                                        text3        000000
__Htext31                                       text31       000000
__Htext32                                       text32       000000
__Htext33                                       text33       000000
__Htext34                                       text34       000000
__Htext4                                        text4        000000
__Htext5                                        text5        000000
__Htext6                                        text6        000000
__Htext7                                        text7        000000
__Htext8                                        text8        000000
__Htext9                                        text9        000000
__LRAM                                          (abs)        000001
__Labs1                                         abs1         000000
__Lbank0                                        bank0        000000
__Lbank1                                        bank1        000000
__Lbank10                                       bank10       000000
__Lbank11                                       bank11       000000
__Lbank12                                       bank12       000000
__Lbank13                                       bank13       000000
__Lbank14                                       bank14       000000
__Lbank15                                       bank15       000000
__Lbank2                                        bank2        000000
__Lbank3                                        bank3        000000
__Lbank4                                        bank4        000000
__Lbank5                                        bank5        000000
__Lbank6                                        bank6        000000
__Lbank7                                        bank7        000000
__Lbank8                                        bank8        000000
__Lbank9                                        bank9        000000
__Lbigbss                                       bigbss       000000
__Lbigdata                                      bigdata      000000
__Lbigram                                       bigram       000000
__Lbss                                          bss          000000
__LbssBANK0                                     bssBANK0     000000
__LbssCOMRAM                                    bssCOMRAM    000000
__Lcinit                                        cinit        000000
__Lclrtext                                      clrtext      000000
__Lcomram                                       comram       000000
__Lconfig                                       config       300000
__Lconst                                        const        000000
__LcstackBANK0                                  cstackBANK0  000000
__LcstackCOMRAM                                 cstackCOMRAM 000000
__Ldata                                         data         000000
__Leeprom_data                                  eeprom_data  000000
__Lfarbss                                       farbss       000000
__Lfardata                                      fardata      000000
__Libigdata                                     ibigdata     000000
__Lidata                                        idata        000000
__Lidloc                                        idloc        200000
__Lifardata                                     ifardata     000000
__Linit                                         init         000074
__Lintcode                                      intcode      000008
__Lintcode_body                                 intcode_body 000000
__Lintcodelo                                    intcodelo    000074
__Lintentry                                     intentry     000000
__Lintret                                       intret       000000
__Lintsave_regs                                 intsave_regs 000000
__Lirdata                                       irdata       000000
__Lmediumconst                                  mediumconst  000000
__LnvBANK0                                      nvBANK0      000000
__LnvFARRAM                                     nvFARRAM     000000
__Lnvbit                                        nvbit        000000
__Lnvrram                                       nvrram       000000
__Lparam                                        rparam       000000
__Lpowerup                                      powerup      000074
__Lram                                          ram          000000
__Lramtop                                       ramtop       001000
__Lrbit                                         rbit         000000
__Lrbss                                         rbss         000000
__Lrdata                                        rdata        000000
__Lreset_vec                                    reset_vec    000000
__Lrparam                                       rparam       000000
__Lsfr                                          sfr          000000
__Lsmallconst                                   smallconst   001000
__Lspace_0                                      (abs)        000000
__Lspace_1                                      (abs)        000000
__Lspace_2                                      (abs)        000000
__Lstack                                        stack        000000
__Lstruct                                       struct       000000
__Ltemp                                         temp         000057
__Ltext                                         text         000000
__Ltext0                                        text0        000000
__Ltext1                                        text1        000000
__Ltext10                                       text10       000000
__Ltext11                                       text11       000000
__Ltext12                                       text12       000000
__Ltext13                                       text13       000000
__Ltext14                                       text14       000000
__Ltext15                                       text15       000000
__Ltext16                                       text16       000000
__Ltext17                                       text17       000000
__Ltext18                                       text18       000000
__Ltext19                                       text19       000000
__Ltext2                                        text2        000000
__Ltext20                                       text20       000000
__Ltext21                                       text21       000000
__Ltext22                                       text22       000000
__Ltext23                                       text23       000000
__Ltext24                                       text24       000000
__Ltext25                                       text25       000000
__Ltext26                                       text26       000000
__Ltext27                                       text27       000000
__Ltext28                                       text28       000000
__Ltext29                                       text29       000000
__Ltext3                                        text3        000000
__Ltext31                                       text31       000000
__Ltext32                                       text32       000000
__Ltext33                                       text33       000000
__Ltext34                                       text34       000000
__Ltext4                                        text4        000000
__Ltext5                                        text5        000000
__Ltext6                                        text6        000000
__Ltext7                                        text7        000000
__Ltext8                                        text8        000000
__Ltext9                                        text9        000000
__S0                                            (abs)        30000E
__S1                                            (abs)        0000C6
__S2                                            (abs)        000000
___aodiv                                        text13       0017D0
___aodiv@counter                                cstackCOMRAM 000018
___aodiv@dividend                               cstackCOMRAM 000008
___aodiv@divisor                                cstackCOMRAM 000010
___aodiv@quotient                               cstackCOMRAM 00001A
___aodiv@sign                                   cstackCOMRAM 000019
___aomod                                        text12       001958
___aomod@counter                                cstackCOMRAM 000018
___aomod@dividend                               cstackCOMRAM 000008
___aomod@divisor                                cstackCOMRAM 000010
___aomod@sign                                   cstackCOMRAM 000019
___inthi_sp                                     stack        000000
___intlo_sp                                     stack        000000
___param_bank                                   (abs)        000000
___rparam_used                                  (abs)        000001
___sp                                           stack        000000
__accesstop                                     (abs)        000060
__activetblptr                                  (abs)        000003
__end_of_EUSART1_Initialize                     text19       002048
__end_of_EUSART1_SetErrorHandler                text22       0021CC
__end_of_EUSART1_SetFramingErrorHandler         text21       0021C2
__end_of_EUSART1_SetOverrunErrorHandler         text20       0021B8
__end_of_EUSART1_Write                          text10       00216E
__end_of_I2C1_BusCollisionISR                   text34       0021D4
__end_of_I2C1_FunctionComplete                  text33       002158
__end_of_I2C1_ISR                               text31       001334
__end_of_I2C1_Initialize                        text18       0020F0
__end_of_I2C1_MasterRead                        text26       001E5C
__end_of_I2C1_MasterReadTRBBuild                text29       001EAC
__end_of_I2C1_MasterTRBInsert                   text27       001B84
__end_of_I2C1_MasterWrite                       text24       001E04
__end_of_I2C1_MasterWriteTRBBuild               text25       001FC8
__end_of_I2C1_Stop                              text32       001F40
__end_of_I2C1_WaitForLastPacketToComplete       text28       002196
__end_of_INTERRUPT_Initialize                   text17       0021D0
__end_of_INTERRUPT_InterruptManager             intcode      000074
__end_of_OSCILLATOR_Initialize                  text16       0021A4
__end_of_PIN_MANAGER_Initialize                 text15       002086
__end_of_ReadTemperature                        text23       001D48
__end_of_SYSTEM_Initialize                      text14       002184
__end_of___aodiv                                text13       001958
__end_of___aomod                                text12       001ABC
__end_of__initialization                        cinit        002130
__end_of_abs                                    text11       002008
__end_of_dtoa                                   text4        001612
__end_of_fputc                                  text8        001CDC
__end_of_fputs                                  text7        001F84
__end_of_main                                   text0        001EF6
__end_of_pad                                    text5        001C46
__end_of_printf                                 text1        002118
__end_of_putch                                  text9        0021AE
__end_of_strlen                                 text6        0020BC
__end_of_vfpfcnvrt                              text3        0017D0
__end_of_vfprintf                               text2        001DAC
__initialization                                cinit        002118
__mediumconst                                   mediumconst  000000
__pbssBANK0                                     bssBANK0     000060
__pbssCOMRAM                                    bssCOMRAM    00004F
__pcinit                                        cinit        002118
__pcstackBANK0                                  cstackBANK0  0000A4
__pcstackCOMRAM                                 cstackCOMRAM 000001
__pintcode                                      intcode      000008
__pnvBANK0                                      nvBANK0      0000C0
__psmallconst                                   smallconst   001000
__ptext0                                        text0        001EAC
__ptext1                                        text1        0020F0
__ptext10                                       text10       002158
__ptext11                                       text11       001FC8
__ptext12                                       text12       001958
__ptext13                                       text13       0017D0
__ptext14                                       text14       00216E
__ptext15                                       text15       002048
__ptext16                                       text16       002196
__ptext17                                       text17       0021CC
__ptext18                                       text18       0020BC
__ptext19                                       text19       002008
__ptext2                                        text2        001D48
__ptext20                                       text20       0021AE
__ptext21                                       text21       0021B8
__ptext22                                       text22       0021C2
__ptext23                                       text23       001CDC
__ptext24                                       text24       001DAC
__ptext25                                       text25       001F84
__ptext26                                       text26       001E04
__ptext27                                       text27       001ABC
__ptext28                                       text28       002184
__ptext29                                       text29       001E5C
__ptext3                                        text3        001612
__ptext31                                       text31       001016
__ptext32                                       text32       001EF6
__ptext33                                       text33       00213A
__ptext34                                       text34       0021D0
__ptext4                                        text4        001334
__ptext5                                        text5        001B84
__ptext6                                        text6        002086
__ptext7                                        text7        001F40
__ptext8                                        text8        001C46
__ptext9                                        text9        0021A4
__ramtop                                        ramtop       001000
__size_of_EUSART1_Initialize                    (abs)        000000
__size_of_EUSART1_SetErrorHandler               (abs)        000000
__size_of_EUSART1_SetFramingErrorHandler        (abs)        000000
__size_of_EUSART1_SetOverrunErrorHandler        (abs)        000000
__size_of_EUSART1_Write                         (abs)        000000
__size_of_I2C1_BusCollisionISR                  (abs)        000000
__size_of_I2C1_FunctionComplete                 (abs)        000000
__size_of_I2C1_ISR                              (abs)        000000
__size_of_I2C1_Initialize                       (abs)        000000
__size_of_I2C1_MasterRead                       (abs)        000000
__size_of_I2C1_MasterReadTRBBuild               (abs)        000000
__size_of_I2C1_MasterTRBInsert                  (abs)        000000
__size_of_I2C1_MasterWrite                      (abs)        000000
__size_of_I2C1_MasterWriteTRBBuild              (abs)        000000
__size_of_I2C1_Stop                             (abs)        000000
__size_of_I2C1_WaitForLastPacketToComplete      (abs)        000000
__size_of_INTERRUPT_Initialize                  (abs)        000000
__size_of_INTERRUPT_InterruptManager            (abs)        000000
__size_of_OSCILLATOR_Initialize                 (abs)        000000
__size_of_PIN_MANAGER_Initialize                (abs)        000000
__size_of_ReadTemperature                       (abs)        000000
__size_of_SYSTEM_Initialize                     (abs)        000000
__size_of___aodiv                               (abs)        000000
__size_of___aomod                               (abs)        000000
__size_of_abs                                   (abs)        000000
__size_of_dtoa                                  (abs)        000000
__size_of_fputc                                 (abs)        000000
__size_of_fputs                                 (abs)        000000
__size_of_main                                  (abs)        000000
__size_of_pad                                   (abs)        000000
__size_of_printf                                (abs)        000000
__size_of_putch                                 (abs)        000000
__size_of_strlen                                (abs)        000000
__size_of_vfpfcnvrt                             (abs)        000000
__size_of_vfprintf                              (abs)        000000
__smallconst                                    smallconst   001000
_abs                                            text11       001FC8
_dbuf                                           bssBANK0     000075
_dtoa                                           text4        001334
_dtoa$1193                                      cstackCOMRAM 000037
_eusart1RxLastError                             bssBANK0     000073
_flags                                          bssCOMRAM    00004F
_fputc                                          text8        001C46
_fputs                                          text7        001F40
_i2c1_object                                    bssBANK0     000060
_i2c1_state                                     bssCOMRAM    000054
_i2c1_tr_queue                                  bssBANK0     00009F
_i2c1_trb_count                                 bssCOMRAM    000053
_main                                           text0        001EAC
_nout                                           bssBANK0     000067
_p_i2c1_current                                 bssBANK0     00006F
_p_i2c1_trb_current                             bssBANK0     000071
_pad                                            text5        001B84
_prec                                           bssBANK0     00006B
_printf                                         text1        0020F0
_putch                                          text9        0021A4
_strlen                                         text6        002086
_tempSign                                       bssBANK0     000074
_vfpfcnvrt                                      text3        001612
_vfprintf                                       text2        001D48
_width                                          bssBANK0     000069
abs@a                                           cstackCOMRAM 00001A
btemp                                           temp         000057
dtoa@d                                          cstackCOMRAM 000027
dtoa@fp                                         cstackCOMRAM 000025
dtoa@i                                          cstackCOMRAM 000047
dtoa@n                                          cstackCOMRAM 00003F
dtoa@p                                          cstackCOMRAM 000039
dtoa@s                                          cstackCOMRAM 00003D
dtoa@w                                          cstackCOMRAM 00003B
end_of_initialization                           cinit        002130
fputc@c                                         cstackCOMRAM 00000A
fputc@fp                                        cstackCOMRAM 00000C
fputs@c                                         cstackCOMRAM 000017
fputs@fp                                        cstackCOMRAM 000015
fputs@i                                         cstackCOMRAM 000018
fputs@s                                         cstackCOMRAM 000013
int$flags                                       temp         000057
intlevel0                                       text         000000
intlevel1                                       text         000000
intlevel2                                       text         000000
intlevel3                                       text         000000
pad@buf                                         cstackCOMRAM 00001C
pad@fp                                          cstackCOMRAM 00001A
pad@i                                           cstackCOMRAM 000021
pad@p                                           cstackCOMRAM 00001E
pad@w                                           cstackCOMRAM 000023
printf@ap                                       cstackBANK0  0000BC
printf@fmt                                      cstackBANK0  0000B6
putch@txData                                    cstackCOMRAM 000009
stackhi                                         (abs)        000F37
stacklo                                         (abs)        0000C6
start                                           init         000074
start_initialization                            cinit        002118
strlen@a                                        cstackCOMRAM 00000A
strlen@s                                        cstackCOMRAM 000008
ttemp5                                          temp         000058
ttemp6                                          temp         00005B
ttemp7                                          temp         00005F
vfpfcnvrt@ap                                    cstackCOMRAM 00004D
vfpfcnvrt@fmt                                   cstackCOMRAM 00004B
vfpfcnvrt@fp                                    cstackCOMRAM 000049
vfpfcnvrt@ll                                    cstackBANK0  0000A6
vfprintf@ap                                     cstackBANK0  0000B2
vfprintf@cfmt                                   cstackBANK0  0000B4
vfprintf@fmt                                    cstackBANK0  0000B0
vfprintf@fp                                     cstackBANK0  0000AE
wtemp8                                          temp         000058


FUNCTION INFORMATION:

 *************** function _main *****************
 Defined at:
		line 75 in file "main.c"
 Parameters:    Size  Location     Type
		None
 Auto vars:     Size  Location     Type
		None
 Return value:  Size  Location     Type
                  1    wreg      void 
 Registers used:
		wreg, fsr1l, fsr1h, fsr2l, fsr2h, status,2, status,0, tblptrl, tblptrh, tblptru, cstack
 Tracked objects:
		On entry : 
		On exit  : 
		Unchanged: 
 Data sizes:     COMRAM   BANK0   BANK1   BANK2   BANK3   BANK4   BANK5   BANK6   BANK7   BANK8   BANK9  BANK10  BANK11  BANK12  BANK13  BANK14  BANK15
      Params:         0       0       0       0       0       0       0       0       0       0       0       0       0       0       0       0       0
      Locals:         0       0       0       0       0       0       0       0       0       0       0       0       0       0       0       0       0
      Temps:          0       2       0       0       0       0       0       0       0       0       0       0       0       0       0       0       0
      Totals:         0       2       0       0       0       0       0       0       0       0       0       0       0       0       0       0       0
Total ram usage:        2 bytes
 Hardware stack levels required when called:   12
 This function calls:
		_ReadTemperature
		_SYSTEM_Initialize
		_printf
 This function is called by:
		Startup code after reset
 This function uses a non-reentrant model


 *************** function _printf *****************
 Defined at:
		line 5 in file "C:\Program Files (x86)\Microchip\xc8\v2.10\pic\sources\c99\common\printf.c"
 Parameters:    Size  Location     Type
  fmt             2   18[BANK0 ] PTR const unsigned char 
		 -> STR_1(20), 
 Auto vars:     Size  Location     Type
  ap              2   24[BANK0 ] PTR void [1]
		 -> ?_printf(2), 
  ret             2    0        int 
 Return value:  Size  Location     Type
                  2   18[BANK0 ] int 
 Registers used:
		wreg, fsr1l, fsr1h, fsr2l, fsr2h, status,2, status,0, tblptrl, tblptrh, tblptru, cstack
 Tracked objects:
		On entry : 
		On exit  : 
		Unchanged: 
 Data sizes:     COMRAM   BANK0   BANK1   BANK2   BANK3   BANK4   BANK5   BANK6   BANK7   BANK8   BANK9  BANK10  BANK11  BANK12  BANK13  BANK14  BANK15
      Params:         0       4       0       0       0       0       0       0       0       0       0       0       0       0       0       0       0
      Locals:         0       4       0       0       0       0       0       0       0       0       0       0       0       0       0       0       0
      Temps:          0       0       0       0       0       0       0       0       0       0       0       0       0       0       0       0       0
      Totals:         0       8       0       0       0       0       0       0       0       0       0       0       0       0       0       0       0
Total ram usage:        8 bytes
 Hardware stack levels used:    1
 Hardware stack levels required when called:   11
 This function calls:
		_vfprintf
 This function is called by:
		_main
 This function uses a non-reentrant model


 *************** function _vfprintf *****************
 Defined at:
		line 1368 in file "C:\Program Files (x86)\Microchip\xc8\v2.10\pic\sources\c99\common\doprnt.c"
 Parameters:    Size  Location     Type
  fp              2   10[BANK0 ] PTR struct _IO_FILE
		 -> NULL(0), 
  fmt             2   12[BANK0 ] PTR const unsigned char 
		 -> STR_1(20), 
  ap              2   14[BANK0 ] PTR PTR void 
		 -> printf@ap(2), 
 Auto vars:     Size  Location     Type
  cfmt            2   16[BANK0 ] PTR unsigned char 
		 -> STR_1(20), 
 Return value:  Size  Location     Type
                  2   10[BANK0 ] int 
 Registers used:
		wreg, fsr1l, fsr1h, fsr2l, fsr2h, status,2, status,0, tblptrl, tblptrh, tblptru, cstack
 Tracked objects:
		On entry : 
		On exit  : 
		Unchanged: 
 Data sizes:     COMRAM   BANK0   BANK1   BANK2   BANK3   BANK4   BANK5   BANK6   BANK7   BANK8   BANK9  BANK10  BANK11  BANK12  BANK13  BANK14  BANK15
      Params:         0       6       0       0       0       0       0       0       0       0       0       0       0       0       0       0       0
      Locals:         0       2       0       0       0       0       0       0       0       0       0       0       0       0       0       0       0
      Temps:          0       0       0       0       0       0       0       0       0       0       0       0       0       0       0       0       0
      Totals:         0       8       0       0       0       0       0       0       0       0       0       0       0       0       0       0       0
Total ram usage:        8 bytes
 Hardware stack levels used:    1
 Hardware stack levels required when called:   10
 This function calls:
		_vfpfcnvrt
 This function is called by:
		_printf
 This function uses a non-reentrant model


 *************** function _vfpfcnvrt *****************
 Defined at:
		line 670 in file "C:\Program Files (x86)\Microchip\xc8\v2.10\pic\sources\c99\common\doprnt.c"
 Parameters:    Size  Location     Type
  fp              2   72[COMRAM] PTR struct _IO_FILE
		 -> NULL(0), 
  fmt             2   74[COMRAM] PTR PTR unsigned char 
		 -> vfprintf@cfmt(2), 
  ap              2   76[COMRAM] PTR PTR void 
		 -> printf@ap(2), 
 Auto vars:     Size  Location     Type
  ll              8    2[BANK0 ] long long 
  llu             8    0        unsigned long long 
  f               4    0        unsigned long long 
  vp              3    0        PTR void 
  ct              3    0        unsigned char [3]
  cp              3    0        PTR unsigned char 
  i               2    0        int 
  done            2    0        int 
  c               1    0        unsigned char 
 Return value:  Size  Location     Type
                  2   72[COMRAM] int 
 Registers used:
		wreg, fsr1l, fsr1h, fsr2l, fsr2h, status,2, status,0, tblptrl, tblptrh, tblptru, cstack
 Tracked objects:
		On entry : 
		On exit  : 
		Unchanged: 
 Data sizes:     COMRAM   BANK0   BANK1   BANK2   BANK3   BANK4   BANK5   BANK6   BANK7   BANK8   BANK9  BANK10  BANK11  BANK12  BANK13  BANK14  BANK15
      Params:         6       0       0       0       0       0       0       0       0       0       0       0       0       0       0       0       0
      Locals:         0       8       0       0       0       0       0       0       0       0       0       0       0       0       0       0       0
      Temps:          0       2       0       0       0       0       0       0       0       0       0       0       0       0       0       0       0
      Totals:         6      10       0       0       0       0       0       0       0       0       0       0       0       0       0       0       0
Total ram usage:       16 bytes
 Hardware stack levels used:    1
 Hardware stack levels required when called:    9
 This function calls:
		_dtoa
		_fputc
 This function is called by:
		_vfprintf
 This function uses a non-reentrant model


 *************** function _dtoa *****************
 Defined at:
		line 274 in file "C:\Program Files (x86)\Microchip\xc8\v2.10\pic\sources\c99\common\doprnt.c"
 Parameters:    Size  Location     Type
  fp              2   36[COMRAM] PTR struct _IO_FILE
		 -> NULL(0), 
  d               8   38[COMRAM] long long 
 Auto vars:     Size  Location     Type
  n               8   62[COMRAM] long long 
  i               2   70[COMRAM] int 
  s               2   60[COMRAM] int 
  w               2   58[COMRAM] int 
  p               2   56[COMRAM] int 
 Return value:  Size  Location     Type
                  2   36[COMRAM] int 
 Registers used:
		wreg, fsr1l, fsr1h, fsr2l, fsr2h, status,2, status,0, cstack
 Tracked objects:
		On entry : 
		On exit  : 
		Unchanged: 
 Data sizes:     COMRAM   BANK0   BANK1   BANK2   BANK3   BANK4   BANK5   BANK6   BANK7   BANK8   BANK9  BANK10  BANK11  BANK12  BANK13  BANK14  BANK15
      Params:        10       0       0       0       0       0       0       0       0       0       0       0       0       0       0       0       0
      Locals:        18       0       0       0       0       0       0       0       0       0       0       0       0       0       0       0       0
      Temps:          8       0       0       0       0       0       0       0       0       0       0       0       0       0       0       0       0
      Totals:        36       0       0       0       0       0       0       0       0       0       0       0       0       0       0       0       0
Total ram usage:       36 bytes
 Hardware stack levels used:    1
 Hardware stack levels required when called:    8
 This function calls:
		___aodiv
		___aomod
		_abs
		_pad
 This function is called by:
		_vfpfcnvrt
 This function uses a non-reentrant model


 *************** function _pad *****************
 Defined at:
		line 72 in file "C:\Program Files (x86)\Microchip\xc8\v2.10\pic\sources\c99\common\doprnt.c"
 Parameters:    Size  Location     Type
  fp              2   25[COMRAM] PTR struct _IO_FILE
		 -> NULL(0), 
  buf             2   27[COMRAM] PTR unsigned char 
		 -> dbuf(32), 
  p               2   29[COMRAM] int 
 Auto vars:     Size  Location     Type
  w               2   34[COMRAM] int 
  i               2   32[COMRAM] int 
 Return value:  Size  Location     Type
                  2   25[COMRAM] int 
 Registers used:
		wreg, fsr1l, fsr1h, fsr2l, fsr2h, status,2, status,0, cstack
 Tracked objects:
		On entry : 
		On exit  : 
		Unchanged: 
 Data sizes:     COMRAM   BANK0   BANK1   BANK2   BANK3   BANK4   BANK5   BANK6   BANK7   BANK8   BANK9  BANK10  BANK11  BANK12  BANK13  BANK14  BANK15
      Params:         6       0       0       0       0       0       0       0       0       0       0       0       0       0       0       0       0
      Locals:         4       0       0       0       0       0       0       0       0       0       0       0       0       0       0       0       0
      Temps:          1       0       0       0       0       0       0       0       0       0       0       0       0       0       0       0       0
      Totals:        11       0       0       0       0       0       0       0       0       0       0       0       0       0       0       0       0
Total ram usage:       11 bytes
 Hardware stack levels used:    1
 Hardware stack levels required when called:    7
 This function calls:
		_fputc
		_fputs
		_strlen
 This function is called by:
		_dtoa
 This function uses a non-reentrant model


 *************** function _strlen *****************
 Defined at:
		line 5 in file "C:\Program Files (x86)\Microchip\xc8\v2.10\pic\sources\c99\common\strlen.c"
 Parameters:    Size  Location     Type
  s               2    7[COMRAM] PTR const unsigned char 
		 -> dbuf(32), 
 Auto vars:     Size  Location     Type
  a               2    9[COMRAM] PTR const unsigned char 
		 -> dbuf(32), 
 Return value:  Size  Location     Type
                  2    7[COMRAM] unsigned int 
 Registers used:
		wreg, fsr2l, fsr2h, status,2, status,0
 Tracked objects:
		On entry : 
		On exit  : 
		Unchanged: 
 Data sizes:     COMRAM   BANK0   BANK1   BANK2   BANK3   BANK4   BANK5   BANK6   BANK7   BANK8   BANK9  BANK10  BANK11  BANK12  BANK13  BANK14  BANK15
      Params:         2       0       0       0       0       0       0       0       0       0       0       0       0       0       0       0       0
      Locals:         2       0       0       0       0       0       0       0       0       0       0       0       0       0       0       0       0
      Temps:          0       0       0       0       0       0       0       0       0       0       0       0       0       0       0       0       0
      Totals:         4       0       0       0       0       0       0       0       0       0       0       0       0       0       0       0       0
Total ram usage:        4 bytes
 Hardware stack levels used:    1
 Hardware stack levels required when called:    3
 This function calls:
		Nothing
 This function is called by:
		_pad
 This function uses a non-reentrant model


 *************** function _fputs *****************
 Defined at:
		line 8 in file "C:\Program Files (x86)\Microchip\xc8\v2.10\pic\sources\c99\common\nf_fputs.c"
 Parameters:    Size  Location     Type
  s               2   18[COMRAM] PTR const unsigned char 
		 -> dbuf(32), 
  fp              2   20[COMRAM] PTR struct _IO_FILE
		 -> NULL(0), 
 Auto vars:     Size  Location     Type
  i               2   23[COMRAM] int 
  c               1   22[COMRAM] unsigned char 
 Return value:  Size  Location     Type
                  2   18[COMRAM] int 
 Registers used:
		wreg, fsr1l, fsr1h, fsr2l, fsr2h, status,2, status,0, cstack
 Tracked objects:
		On entry : 
		On exit  : 
		Unchanged: 
 Data sizes:     COMRAM   BANK0   BANK1   BANK2   BANK3   BANK4   BANK5   BANK6   BANK7   BANK8   BANK9  BANK10  BANK11  BANK12  BANK13  BANK14  BANK15
      Params:         4       0       0       0       0       0       0       0       0       0       0       0       0       0       0       0       0
      Locals:         3       0       0       0       0       0       0       0       0       0       0       0       0       0       0       0       0
      Temps:          0       0       0       0       0       0       0       0       0       0       0       0       0       0       0       0       0
      Totals:         7       0       0       0       0       0       0       0       0       0       0       0       0       0       0       0       0
Total ram usage:        7 bytes
 Hardware stack levels used:    1
 Hardware stack levels required when called:    6
 This function calls:
		_fputc
 This function is called by:
		_pad
 This function uses a non-reentrant model


 *************** function _fputc *****************
 Defined at:
		line 8 in file "C:\Program Files (x86)\Microchip\xc8\v2.10\pic\sources\c99\common\nf_fputc.c"
 Parameters:    Size  Location     Type
  c               2    9[COMRAM] int 
  fp              2   11[COMRAM] PTR struct _IO_FILE
		 -> NULL(0), 
 Auto vars:     Size  Location     Type
		None
 Return value:  Size  Location     Type
                  2    9[COMRAM] int 
 Registers used:
		wreg, fsr1l, fsr1h, fsr2l, fsr2h, status,2, status,0, cstack
 Tracked objects:
		On entry : 
		On exit  : 
		Unchanged: 
 Data sizes:     COMRAM   BANK0   BANK1   BANK2   BANK3   BANK4   BANK5   BANK6   BANK7   BANK8   BANK9  BANK10  BANK11  BANK12  BANK13  BANK14  BANK15
      Params:         4       0       0       0       0       0       0       0       0       0       0       0       0       0       0       0       0
      Locals:         0       0       0       0       0       0       0       0       0       0       0       0       0       0       0       0       0
      Temps:          5       0       0       0       0       0       0       0       0       0       0       0       0       0       0       0       0
      Totals:         9       0       0       0       0       0       0       0       0       0       0       0       0       0       0       0       0
Total ram usage:        9 bytes
 Hardware stack levels used:    1
 Hardware stack levels required when called:    5
 This function calls:
		_putch
 This function is called by:
		_pad
		_vfpfcnvrt
		_fputs
 This function uses a non-reentrant model


 *************** function _putch *****************
 Defined at:
		line 146 in file "mcc_generated_files/eusart1.c"
 Parameters:    Size  Location     Type
  txData          1    wreg     unsigned char 
 Auto vars:     Size  Location     Type
  txData          1    8[COMRAM] unsigned char 
 Return value:  Size  Location     Type
                  1    wreg      void 
 Registers used:
		wreg, status,2, cstack
 Tracked objects:
		On entry : 
		On exit  : 
		Unchanged: 
 Data sizes:     COMRAM   BANK0   BANK1   BANK2   BANK3   BANK4   BANK5   BANK6   BANK7   BANK8   BANK9  BANK10  BANK11  BANK12  BANK13  BANK14  BANK15
      Params:         0       0       0       0       0       0       0       0       0       0       0       0       0       0       0       0       0
      Locals:         1       0       0       0       0       0       0       0       0       0       0       0       0       0       0       0       0
      Temps:          0       0       0       0       0       0       0       0       0       0       0       0       0       0       0       0       0
      Totals:         1       0       0       0       0       0       0       0       0       0       0       0       0       0       0       0       0
Total ram usage:        1 bytes
 Hardware stack levels used:    1
 Hardware stack levels required when called:    4
 This function calls:
		_EUSART1_Write
 This function is called by:
		_fputc
 This function uses a non-reentrant model


 *************** function _EUSART1_Write *****************
 Defined at:
		line 132 in file "mcc_generated_files/eusart1.c"
 Parameters:    Size  Location     Type
  txData          1    wreg     unsigned char 
 Auto vars:     Size  Location     Type
  txData          1    7[COMRAM] unsigned char 
 Return value:  Size  Location     Type
                  1    wreg      void 
 Registers used:
		wreg
 Tracked objects:
		On entry : 
		On exit  : 
		Unchanged: 
 Data sizes:     COMRAM   BANK0   BANK1   BANK2   BANK3   BANK4   BANK5   BANK6   BANK7   BANK8   BANK9  BANK10  BANK11  BANK12  BANK13  BANK14  BANK15
      Params:         0       0       0       0       0       0       0       0       0       0       0       0       0       0       0       0       0
      Locals:         1       0       0       0       0       0       0       0       0       0       0       0       0       0       0       0       0
      Temps:          0       0       0       0       0       0       0       0       0       0       0       0       0       0       0       0       0
      Totals:         1       0       0       0       0       0       0       0       0       0       0       0       0       0       0       0       0
Total ram usage:        1 bytes
 Hardware stack levels used:    1
 Hardware stack levels required when called:    3
 This function calls:
		Nothing
 This function is called by:
		_putch
 This function uses a non-reentrant model


 *************** function _abs *****************
 Defined at:
		line 1 in file "C:\Program Files (x86)\Microchip\xc8\v2.10\pic\sources\c99\common\abs.c"
 Parameters:    Size  Location     Type
  a               2   25[COMRAM] int 
 Auto vars:     Size  Location     Type
		None
 Return value:  Size  Location     Type
                  2   25[COMRAM] int 
 Registers used:
		wreg, status,2, status,0
 Tracked objects:
		On entry : 
		On exit  : 
		Unchanged: 
 Data sizes:     COMRAM   BANK0   BANK1   BANK2   BANK3   BANK4   BANK5   BANK6   BANK7   BANK8   BANK9  BANK10  BANK11  BANK12  BANK13  BANK14  BANK15
      Params:         2       0       0       0       0       0       0       0       0       0       0       0       0       0       0       0       0
      Locals:         0       0       0       0       0       0       0       0       0       0       0       0       0       0       0       0       0
      Temps:          2       0       0       0       0       0       0       0       0       0       0       0       0       0       0       0       0
      Totals:         4       0       0       0       0       0       0       0       0       0       0       0       0       0       0       0       0
Total ram usage:        4 bytes
 Hardware stack levels used:    1
 Hardware stack levels required when called:    3
 This function calls:
		Nothing
 This function is called by:
		_dtoa
 This function uses a non-reentrant model


 *************** function ___aomod *****************
 Defined at:
		line 9 in file "C:\Program Files (x86)\Microchip\xc8\v2.10\pic\sources\c99\common\aomod.c"
 Parameters:    Size  Location     Type
  dividend        8    7[COMRAM] long long 
  divisor         8   15[COMRAM] long long 
 Auto vars:     Size  Location     Type
  sign            1   24[COMRAM] unsigned char 
  counter         1   23[COMRAM] unsigned char 
 Return value:  Size  Location     Type
                  8    7[COMRAM] long long 
 Registers used:
		wreg, status,2, status,0
 Tracked objects:
		On entry : 
		On exit  : 
		Unchanged: 
 Data sizes:     COMRAM   BANK0   BANK1   BANK2   BANK3   BANK4   BANK5   BANK6   BANK7   BANK8   BANK9  BANK10  BANK11  BANK12  BANK13  BANK14  BANK15
      Params:        16       0       0       0       0       0       0       0       0       0       0       0       0       0       0       0       0
      Locals:         2       0       0       0       0       0       0       0       0       0       0       0       0       0       0       0       0
      Temps:          0       0       0       0       0       0       0       0       0       0       0       0       0       0       0       0       0
      Totals:        18       0       0       0       0       0       0       0       0       0       0       0       0       0       0       0       0
Total ram usage:       18 bytes
 Hardware stack levels used:    1
 Hardware stack levels required when called:    3
 This function calls:
		Nothing
 This function is called by:
		_dtoa
 This function uses a non-reentrant model


 *************** function ___aodiv *****************
 Defined at:
		line 9 in file "C:\Program Files (x86)\Microchip\xc8\v2.10\pic\sources\c99\common\aodiv.c"
 Parameters:    Size  Location     Type
  dividend        8    7[COMRAM] long long 
  divisor         8   15[COMRAM] long long 
 Auto vars:     Size  Location     Type
  quotient        8   25[COMRAM] long long 
  sign            1   24[COMRAM] unsigned char 
  counter         1   23[COMRAM] unsigned char 
 Return value:  Size  Location     Type
                  8    7[COMRAM] long long 
 Registers used:
		wreg, fsr2l, fsr2h, status,2, status,0
 Tracked objects:
		On entry : 
		On exit  : 
		Unchanged: 
 Data sizes:     COMRAM   BANK0   BANK1   BANK2   BANK3   BANK4   BANK5   BANK6   BANK7   BANK8   BANK9  BANK10  BANK11  BANK12  BANK13  BANK14  BANK15
      Params:        16       0       0       0       0       0       0       0       0       0       0       0       0       0       0       0       0
      Locals:        10       0       0       0       0       0       0       0       0       0       0       0       0       0       0       0       0
      Temps:          0       0       0       0       0       0       0       0       0       0       0       0       0       0       0       0       0
      Totals:        26       0       0       0       0       0       0       0       0       0       0       0       0       0       0       0       0
Total ram usage:       26 bytes
 Hardware stack levels used:    1
 Hardware stack levels required when called:    3
 This function calls:
		Nothing
 This function is called by:
		_dtoa
 This function uses a non-reentrant model


 *************** function _SYSTEM_Initialize *****************
 Defined at:
		line 50 in file "mcc_generated_files/mcc.c"
 Parameters:    Size  Location     Type
		None
 Auto vars:     Size  Location     Type
		None
 Return value:  Size  Location     Type
                  1    wreg      void 
 Registers used:
		wreg, status,2, status,0, cstack
 Tracked objects:
		On entry : 
		On exit  : 
		Unchanged: 
 Data sizes:     COMRAM   BANK0   BANK1   BANK2   BANK3   BANK4   BANK5   BANK6   BANK7   BANK8   BANK9  BANK10  BANK11  BANK12  BANK13  BANK14  BANK15
      Params:         0       0       0       0       0       0       0       0       0       0       0       0       0       0       0       0       0
      Locals:         0       0       0       0       0       0       0       0       0       0       0       0       0       0       0       0       0
      Temps:          0       0       0       0       0       0       0       0       0       0       0       0       0       0       0       0       0
      Totals:         0       0       0       0       0       0       0       0       0       0       0       0       0       0       0       0       0
Total ram usage:        0 bytes
 Hardware stack levels used:    1
 Hardware stack levels required when called:    5
 This function calls:
		_EUSART1_Initialize
		_I2C1_Initialize
		_INTERRUPT_Initialize
		_OSCILLATOR_Initialize
		_PIN_MANAGER_Initialize
 This function is called by:
		_main
 This function uses a non-reentrant model


 *************** function _PIN_MANAGER_Initialize *****************
 Defined at:
		line 55 in file "mcc_generated_files/pin_manager.c"
 Parameters:    Size  Location     Type
		None
 Auto vars:     Size  Location     Type
		None
 Return value:  Size  Location     Type
                  1    wreg      void 
 Registers used:
		wreg, status,2
 Tracked objects:
		On entry : 
		On exit  : 
		Unchanged: 
 Data sizes:     COMRAM   BANK0   BANK1   BANK2   BANK3   BANK4   BANK5   BANK6   BANK7   BANK8   BANK9  BANK10  BANK11  BANK12  BANK13  BANK14  BANK15
      Params:         0       0       0       0       0       0       0       0       0       0       0       0       0       0       0       0       0
      Locals:         0       0       0       0       0       0       0       0       0       0       0       0       0       0       0       0       0
      Temps:          0       0       0       0       0       0       0       0       0       0       0       0       0       0       0       0       0
      Totals:         0       0       0       0       0       0       0       0       0       0       0       0       0       0       0       0       0
Total ram usage:        0 bytes
 Hardware stack levels used:    1
 Hardware stack levels required when called:    3
 This function calls:
		Nothing
 This function is called by:
		_SYSTEM_Initialize
 This function uses a non-reentrant model


 *************** function _OSCILLATOR_Initialize *****************
 Defined at:
		line 60 in file "mcc_generated_files/mcc.c"
 Parameters:    Size  Location     Type
		None
 Auto vars:     Size  Location     Type
		None
 Return value:  Size  Location     Type
                  1    wreg      void 
 Registers used:
		wreg, status,2
 Tracked objects:
		On entry : 
		On exit  : 
		Unchanged: 
 Data sizes:     COMRAM   BANK0   BANK1   BANK2   BANK3   BANK4   BANK5   BANK6   BANK7   BANK8   BANK9  BANK10  BANK11  BANK12  BANK13  BANK14  BANK15
      Params:         0       0       0       0       0       0       0       0       0       0       0       0       0       0       0       0       0
      Locals:         0       0       0       0       0       0       0       0       0       0       0       0       0       0       0       0       0
      Temps:          0       0       0       0       0       0       0       0       0       0       0       0       0       0       0       0       0
      Totals:         0       0       0       0       0       0       0       0       0       0       0       0       0       0       0       0       0
Total ram usage:        0 bytes
 Hardware stack levels used:    1
 Hardware stack levels required when called:    3
 This function calls:
		Nothing
 This function is called by:
		_SYSTEM_Initialize
 This function uses a non-reentrant model


[...]
      Params:         7       0       0       0       0       0       0       0       0       0       0       0       0       0       0       0       0
      Locals:         0       0       0       0       0       0       0       0       0       0       0       0       0       0       0       0       0
      Temps:          0       0       0       0       0       0       0       0       0       0       0       0       0       0       0       0       0
      Totals:         7       0       0       0       0       0       0       0       0       0       0       0       0       0       0       0       0
Total ram usage:        7 bytes
 Hardware stack levels used:    1
 Hardware stack levels required when called:    5
 This function calls:
		_I2C1_MasterTRBInsert
		_I2C1_MasterWriteTRBBuild
 This function is called by:
		_ReadTemperature
 This function uses a non-reentrant model


 *************** function _I2C1_MasterWriteTRBBuild *****************
 Defined at:
		line 721 in file "mcc_generated_files/i2c1.c"
 Parameters:    Size  Location     Type
  ptrb            2    7[COMRAM] PTR struct .
		 -> I2C1_MasterWrite@trBlock(5), 
  pdata           2    9[COMRAM] PTR unsigned char 
		 -> ReadTemperature@TC_74(1), 
  length          1   11[COMRAM] unsigned char 
  address         2   12[COMRAM] unsigned short 
 Auto vars:     Size  Location     Type
		None
 Return value:  Size  Location     Type
                  1    wreg      void 
 Registers used:
		wreg, fsr2l, fsr2h, status,2, status,0
 Tracked objects:
		On entry : 
		On exit  : 
		Unchanged: 
 Data sizes:     COMRAM   BANK0   BANK1   BANK2   BANK3   BANK4   BANK5   BANK6   BANK7   BANK8   BANK9  BANK10  BANK11  BANK12  BANK13  BANK14  BANK15
      Params:         7       0       0       0       0       0       0       0       0       0       0       0       0       0       0       0       0
      Locals:         0       0       0       0       0       0       0       0       0       0       0       0       0       0       0       0       0
      Temps:          2       0       0       0       0       0       0       0       0       0       0       0       0       0       0       0       0
      Totals:         9       0       0       0       0       0       0       0       0       0       0       0       0       0       0       0       0
Total ram usage:        9 bytes
 Hardware stack levels used:    1
 Hardware stack levels required when called:    3
 This function calls:
		Nothing
 This function is called by:
		_I2C1_MasterWrite
 This function uses a non-reentrant model


 *************** function _I2C1_MasterRead *****************
 Defined at:
		line 621 in file "mcc_generated_files/i2c1.c"
 Parameters:    Size  Location     Type
  pdata           2   16[COMRAM] PTR unsigned char 
		 -> ReadTemperature@readtemp(1), 
  length          1   18[COMRAM] unsigned char 
  address         2   19[COMRAM] unsigned short 
  pflag           2   21[COMRAM] PTR enum E5995
		 -> ReadTemperature@status(1), 
 Auto vars:     Size  Location     Type
		None
 Return value:  Size  Location     Type
                  1    wreg      void 
 Registers used:
		wreg, fsr2l, fsr2h, status,2, status,0, cstack
 Tracked objects:
		On entry : 
		On exit  : 
		Unchanged: 
 Data sizes:     COMRAM   BANK0   BANK1   BANK2   BANK3   BANK4   BANK5   BANK6   BANK7   BANK8   BANK9  BANK10  BANK11  BANK12  BANK13  BANK14  BANK15
      Params:         7       0       0       0       0       0       0       0       0       0       0       0       0       0       0       0       0
      Locals:         0       0       0       0       0       0       0       0       0       0       0       0       0       0       0       0       0
      Temps:          0       0       0       0       0       0       0       0       0       0       0       0       0       0       0       0       0
      Totals:         7       0       0       0       0       0       0       0       0       0       0       0       0       0       0       0       0
Total ram usage:        7 bytes
 Hardware stack levels used:    1
 Hardware stack levels required when called:    5
 This function calls:
		_I2C1_MasterReadTRBBuild
		_I2C1_MasterTRBInsert
 This function is called by:
		_ReadTemperature
 This function uses a non-reentrant model


 *************** function _I2C1_MasterTRBInsert *****************
 Defined at:
		line 654 in file "mcc_generated_files/i2c1.c"
 Parameters:    Size  Location     Type
  count           1    wreg     unsigned char 
  ptrb_list       2    7[COMRAM] PTR struct .
		 -> I2C1_MasterRead@trBlock(5), I2C1_MasterWrite@trBlock(5), 
  pflag           2    9[COMRAM] PTR enum E5995
		 -> ReadTemperature@status(1), 
 Auto vars:     Size  Location     Type
  count           1   12[COMRAM] unsigned char 
 Return value:  Size  Location     Type
                  1    wreg      void 
 Registers used:
		wreg, fsr2l, fsr2h, status,2, status,0, cstack
 Tracked objects:
		On entry : 
		On exit  : 
		Unchanged: 
 Data sizes:     COMRAM   BANK0   BANK1   BANK2   BANK3   BANK4   BANK5   BANK6   BANK7   BANK8   BANK9  BANK10  BANK11  BANK12  BANK13  BANK14  BANK15
      Params:         4       0       0       0       0       0       0       0       0       0       0       0       0       0       0       0       0
      Locals:         1       0       0       0       0       0       0       0       0       0       0       0       0       0       0       0       0
      Temps:          1       0       0       0       0       0       0       0       0       0       0       0       0       0       0       0       0
      Totals:         6       0       0       0       0       0       0       0       0       0       0       0       0       0       0       0       0
Total ram usage:        6 bytes
 Hardware stack levels used:    1
 Hardware stack levels required when called:    4
 This function calls:
		_I2C1_WaitForLastPacketToComplete
 This function is called by:
		_I2C1_MasterWrite
		_I2C1_MasterRead
 This function uses a non-reentrant model


 *************** function _I2C1_WaitForLastPacketToComplete *****************
 Defined at:
		line 644 in file "mcc_generated_files/i2c1.c"
 Parameters:    Size  Location     Type
		None
 Auto vars:     Size  Location     Type
		None
 Return value:  Size  Location     Type
                  1    wreg      void 
 Registers used:
		wreg, status,2
 Tracked objects:
		On entry : 
		On exit  : 
		Unchanged: 
 Data sizes:     COMRAM   BANK0   BANK1   BANK2   BANK3   BANK4   BANK5   BANK6   BANK7   BANK8   BANK9  BANK10  BANK11  BANK12  BANK13  BANK14  BANK15
      Params:         0       0       0       0       0       0       0       0       0       0       0       0       0       0       0       0       0
      Locals:         0       0       0       0       0       0       0       0       0       0       0       0       0       0       0       0       0
      Temps:          0       0       0       0       0       0       0       0       0       0       0       0       0       0       0       0       0
      Totals:         0       0       0       0       0       0       0       0       0       0       0       0       0       0       0       0       0
Total ram usage:        0 bytes
 Hardware stack levels used:    1
 Hardware stack levels required when called:    3
 This function calls:
		Nothing
 This function is called by:
		_I2C1_MasterTRBInsert
 This function uses a non-reentrant model


 *************** function _I2C1_MasterReadTRBBuild *****************
 Defined at:
		line 708 in file "mcc_generated_files/i2c1.c"
 Parameters:    Size  Location     Type
  ptrb            2    7[COMRAM] PTR struct .
		 -> I2C1_MasterRead@trBlock(5), 
  pdata           2    9[COMRAM] PTR unsigned char 
		 -> ReadTemperature@readtemp(1), 
  length          1   11[COMRAM] unsigned char 
  address         2   12[COMRAM] unsigned short 
 Auto vars:     Size  Location     Type
		None
 Return value:  Size  Location     Type
                  1    wreg      void 
 Registers used:
		wreg, fsr2l, fsr2h, status,2, status,0
 Tracked objects:
		On entry : 
		On exit  : 
		Unchanged: 
 Data sizes:     COMRAM   BANK0   BANK1   BANK2   BANK3   BANK4   BANK5   BANK6   BANK7   BANK8   BANK9  BANK10  BANK11  BANK12  BANK13  BANK14  BANK15
      Params:         7       0       0       0       0       0       0       0       0       0       0       0       0       0       0       0       0
      Locals:         0       0       0       0       0       0       0       0       0       0       0       0       0       0       0       0       0
      Temps:          2       0       0       0       0       0       0       0       0       0       0       0       0       0       0       0       0
      Totals:         9       0       0       0       0       0       0       0       0       0       0       0       0       0       0       0       0
Total ram usage:        9 bytes
 Hardware stack levels used:    1
 Hardware stack levels required when called:    3
 This function calls:
		Nothing
 This function is called by:
		_I2C1_MasterRead
 This function uses a non-reentrant model


 *************** function _INTERRUPT_InterruptManager *****************
 Defined at:
		line 58 in file "mcc_generated_files/interrupt_manager.c"
 Parameters:    Size  Location     Type
		None
 Auto vars:     Size  Location     Type
		None
 Return value:  Size  Location     Type
                  1    wreg      void 
 Registers used:
		wreg, fsr2l, fsr2h, status,2, status,0, cstack
 Tracked objects:
		On entry : 
		On exit  : 
		Unchanged: 
 Data sizes:     COMRAM   BANK0   BANK1   BANK2   BANK3   BANK4   BANK5   BANK6   BANK7   BANK8   BANK9  BANK10  BANK11  BANK12  BANK13  BANK14  BANK15
      Params:         0       0       0       0       0       0       0       0       0       0       0       0       0       0       0       0       0
      Locals:         0       0       0       0       0       0       0       0       0       0       0       0       0       0       0       0       0
      Temps:          2       0       0       0       0       0       0       0       0       0       0       0       0       0       0       0       0
      Totals:         2       0       0       0       0       0       0       0       0       0       0       0       0       0       0       0       0
Total ram usage:        2 bytes
 Hardware stack levels used:    1
 Hardware stack levels required when called:    2
 This function calls:
		_I2C1_BusCollisionISR
		_I2C1_ISR
 This function is called by:
		Interrupt level 2
 This function uses a non-reentrant model


 *************** function _I2C1_ISR *****************
 Defined at:
		line 235 in file "mcc_generated_files/i2c1.c"
 Parameters:    Size  Location     Type
		None
 Auto vars:     Size  Location     Type
		None
 Return value:  Size  Location     Type
                  1    wreg      void 
 Registers used:
		wreg, fsr2l, fsr2h, status,2, status,0, cstack
 Tracked objects:
		On entry : 
		On exit  : 
		Unchanged: 
 Data sizes:     COMRAM   BANK0   BANK1   BANK2   BANK3   BANK4   BANK5   BANK6   BANK7   BANK8   BANK9  BANK10  BANK11  BANK12  BANK13  BANK14  BANK15
      Params:         0       0       0       0       0       0       0       0       0       0       0       0       0       0       0       0       0
      Locals:         0       0       0       0       0       0       0       0       0       0       0       0       0       0       0       0       0
      Temps:          2       0       0       0       0       0       0       0       0       0       0       0       0       0       0       0       0
      Totals:         2       0       0       0       0       0       0       0       0       0       0       0       0       0       0       0       0
Total ram usage:        2 bytes
 Hardware stack levels used:    1
 Hardware stack levels required when called:    1
 This function calls:
		_I2C1_FunctionComplete
		_I2C1_Stop
 This function is called by:
		_INTERRUPT_InterruptManager
 This function uses a non-reentrant model


 *************** function _I2C1_Stop *****************
 Defined at:
		line 583 in file "mcc_generated_files/i2c1.c"
 Parameters:    Size  Location     Type
  completion_c    1    wreg     enum E5995
 Auto vars:     Size  Location     Type
  completion_c    1    2[COMRAM] enum E5995
 Return value:  Size  Location     Type
                  1    wreg      void 
 Registers used:
		wreg, fsr2l, fsr2h, status,2, status,0
 Tracked objects:
		On entry : 
		On exit  : 
		Unchanged: 
 Data sizes:     COMRAM   BANK0   BANK1   BANK2   BANK3   BANK4   BANK5   BANK6   BANK7   BANK8   BANK9  BANK10  BANK11  BANK12  BANK13  BANK14  BANK15
      Params:         0       0       0       0       0       0       0       0       0       0       0       0       0       0       0       0       0
      Locals:         1       0       0       0       0       0       0       0       0       0       0       0       0       0       0       0       0
      Temps:          2       0       0       0       0       0       0       0       0       0       0       0       0       0       0       0       0
      Totals:         3       0       0       0       0       0       0       0       0       0       0       0       0       0       0       0       0
Total ram usage:        3 bytes
 Hardware stack levels used:    1
 This function calls:
		Nothing
 This function is called by:
		_I2C1_ISR
 This function uses a non-reentrant model


 *************** function _I2C1_FunctionComplete *****************
 Defined at:
		line 565 in file "mcc_generated_files/i2c1.c"
 Parameters:    Size  Location     Type
		None
 Auto vars:     Size  Location     Type
		None
 Return value:  Size  Location     Type
                  1    wreg      void 
 Registers used:
		wreg, status,2, status,0
 Tracked objects:
		On entry : 
		On exit  : 
		Unchanged: 
 Data sizes:     COMRAM   BANK0   BANK1   BANK2   BANK3   BANK4   BANK5   BANK6   BANK7   BANK8   BANK9  BANK10  BANK11  BANK12  BANK13  BANK14  BANK15
      Params:         0       0       0       0       0       0       0       0       0       0       0       0       0       0       0       0       0
      Locals:         0       0       0       0       0       0       0       0       0       0       0       0       0       0       0       0       0
      Temps:          0       0       0       0       0       0       0       0       0       0       0       0       0       0       0       0       0
      Totals:         0       0       0       0       0       0       0       0       0       0       0       0       0       0       0       0       0
Total ram usage:        0 bytes
 Hardware stack levels used:    1
 This function calls:
		Nothing
 This function is called by:
		_I2C1_ISR
 This function uses a non-reentrant model


 *************** function _I2C1_BusCollisionISR *****************
 Defined at:
		line 742 in file "mcc_generated_files/i2c1.c"
 Parameters:    Size  Location     Type
		None
 Auto vars:     Size  Location     Type
		None
 Return value:  Size  Location     Type
                  1    wreg      void 
 Registers used:
		None
 Tracked objects:
		On entry : 
		On exit  : 
		Unchanged: 
 Data sizes:     COMRAM   BANK0   BANK1   BANK2   BANK3   BANK4   BANK5   BANK6   BANK7   BANK8   BANK9  BANK10  BANK11  BANK12  BANK13  BANK14  BANK15
      Params:         0       0       0       0       0       0       0       0       0       0       0       0       0       0       0       0       0
      Locals:         0       0       0       0       0       0       0       0       0       0       0       0       0       0       0       0       0
      Temps:          0       0       0       0       0       0       0       0       0       0       0       0       0       0       0       0       0
      Totals:         0       0       0       0       0       0       0       0       0       0       0       0       0       0       0       0       0
Total ram usage:        0 bytes
 Hardware stack levels used:    1
 This function calls:
		Nothing
 This function is called by:
		_INTERRUPT_InterruptManager
 This function uses a non-reentrant model



MODULE INFORMATION

Module		Function		Class		Link	Load	Size
C:\Program Files (x86)\Microchip\xc8\v2.10\pic\sources\c99\common\aodiv.c
		___aodiv       		CODE           	17D0	0000	393

C:\Program Files (x86)\Microchip\xc8\v2.10\pic\sources\c99\common\aodiv.c estimated size: 393

mcc_generated_files/interrupt_manager.c
		_INTERRUPT_Initialize		CODE           	21CC	0000	5
		_INTERRUPT_InterruptManager		CODE           	0008	0000	109

mcc_generated_files/interrupt_manager.c estimated size: 114

C:\Program Files (x86)\Microchip\xc8\v2.10\pic\sources\c99\common\strlen.c
		_strlen        		CODE           	2086	0000	55

C:\Program Files (x86)\Microchip\xc8\v2.10\pic\sources\c99\common\strlen.c estimated size: 55

mcc_generated_files/i2c1.c
		_I2C1_BusCollisionISR		CODE           	21D0	0000	5
		_I2C1_MasterRead		CODE           	1E04	0000	89
		_I2C1_FunctionComplete		CODE           	213A	0000	31
		_I2C1_MasterWriteTRBBuild		CODE           	1F84	0000	69
		_I2C1_ISR      		CODE           	1016	0000	799
		_I2C1_MasterWrite		CODE           	1DAC	0000	89
		_I2C1_Initialize		CODE           	20BC	0000	53
		_I2C1_Stop     		CODE           	1EF6	0000	75
		_I2C1_MasterReadTRBBuild		CODE           	1E5C	0000	81
		_I2C1_WaitForLastPacketToComplete		CODE           	2184	0000	19
		_I2C1_MasterTRBInsert		CODE           	1ABC	0000	201

mcc_generated_files/i2c1.c estimated size: 1511

mcc_generated_files/pin_manager.c
		_PIN_MANAGER_Initialize		CODE           	2048	0000	63

mcc_generated_files/pin_manager.c estimated size: 63

C:\Program Files (x86)\Microchip\xc8\v2.10\pic\sources\c99\common\doprnt.c
		_vfpfcnvrt     		CODE           	1612	0000	447
		_pad           		CODE           	1B84	0000	195
		_dtoa          		CODE           	1334	0000	735
		_vfprintf      		CODE           	1D48	0000	101

C:\Program Files (x86)\Microchip\xc8\v2.10\pic\sources\c99\common\doprnt.c estimated size: 1478

C:\Program Files (x86)\Microchip\xc8\v2.10\pic\sources\c99\common\nf_fputs.c
		_fputs         		CODE           	1F40	0000	69

C:\Program Files (x86)\Microchip\xc8\v2.10\pic\sources\c99\common\nf_fputs.c estimated size: 69

shared
		__initialization		CODE           	2118	0000	25

shared estimated size: 25

mcc_generated_files/eusart1.c
		_EUSART1_Initialize		CODE           	2008	0000	65
		_putch         		CODE           	21A4	0000	11
		_EUSART1_SetFramingErrorHandler		CODE           	21B8	0000	11
		_EUSART1_SetOverrunErrorHandler		CODE           	21AE	0000	11
		_EUSART1_SetErrorHandler		CODE           	21C2	0000	11
		_EUSART1_Write 		CODE           	2158	0000	23

mcc_generated_files/eusart1.c estimated size: 132

mcc_generated_files/mcc.c
		_OSCILLATOR_Initialize		CODE           	2196	0000	15
		_SYSTEM_Initialize		CODE           	216E	0000	23

mcc_generated_files/mcc.c estimated size: 38

C:\Program Files (x86)\Microchip\xc8\v2.10\pic\sources\c99\common\aomod.c
		___aomod       		CODE           	1958	0000	357

C:\Program Files (x86)\Microchip\xc8\v2.10\pic\sources\c99\common\aomod.c estimated size: 357

C:\Program Files (x86)\Microchip\xc8\v2.10\pic\sources\c99\common\abs.c
		_abs           		CODE           	1FC8	0000	65

C:\Program Files (x86)\Microchip\xc8\v2.10\pic\sources\c99\common\abs.c estimated size: 65

main.c
		_main          		CODE           	1EAC	0000	75
		_ReadTemperature		CODE           	1CDC	0000	109

main.c estimated size: 184

C:\Program Files (x86)\Microchip\xc8\v2.10\pic\sources\c99\common\printf.c
		_printf        		CODE           	20F0	0000	41

C:\Program Files (x86)\Microchip\xc8\v2.10\pic\sources\c99\common\printf.c estimated size: 41

C:\Program Files (x86)\Microchip\xc8\v2.10\pic\sources\c99\common\nf_fputc.c
		_fputc         		CODE           	1C46	0000	151

C:\Program Files (x86)\Microchip\xc8\v2.10\pic\sources\c99\common\nf_fputc.c estimated size: 151

