Microchip MPLAB XC8 Compiler V2.10 ()

Linker command line:

-W-3 --edf=C:\Program Files (x86)\Microchip\xc8\v2.10\pic\dat\en_msgs.txt \
  -cs -h+dist/default/production\ext_adc.X.production.sym \
  --cmf=dist/default/production\ext_adc.X.production.cmf -z -Q18F46K22 \
  -oC:\Users\Hp\AppData\Local\Temp\s97o.2 --defsym=__MPLAB_BUILD=1 \
  -Mdist/default/production/ext_adc.X.production.map -E1 -ver=XC8 \
  --acfsm=1493 -ASTACK=0186h-0F37h -pstack=STACK -ACODE=00h-0FFFFh \
  -ACONST=00h-0FFFFh -ASMALLCONST=01000h-010FFhx240 \
  -AMEDIUMCONST=01000h-0FFFFh -ACOMRAM=01h-05Fh -AABS1=00h-0F37h \
  -ABIGRAM=01h-0F37h -ARAM=060h-0FFh,0100h-01FFhx14,0F00h-0F37h \
  -ABANK0=060h-0FFh -ABANK1=0100h-01FFh -ABANK2=0200h-02FFh \
  -ABANK3=0300h-03FFh -ABANK4=0400h-04FFh -ABANK5=0500h-05FFh \
  -ABANK6=0600h-06FFh -ABANK7=0700h-07FFh -ABANK8=0800h-08FFh \
  -ABANK9=0900h-09FFh -ABANK10=0A00h-0AFFh -ABANK11=0B00h-0BFFh \
  -ABANK12=0C00h-0CFFh -ABANK13=0D00h-0DFFh -ABANK14=0E00h-0EFFh \
  -ABANK15=0F00h-0F37h -ASFR=0F38h-0F5Fh,0F60h-0FFFh \
  -preset_vec=00h,intcode=08h,intcodelo,powerup,init -pramtop=01000h \
  -psmallconst=SMALLCONST -pmediumconst=MEDIUMCONST -pconst=CONST \
  -AFARRAM=00h-00h -ACONFIG=0300000h-030000Dh -pconfig=CONFIG \
  -AIDLOC=0200000h-0200007h -pidloc=IDLOC -AEEDATA=0F00000h-0F003FFh \
  -peeprom_data=EEDATA \
  -prdata=COMRAM,nvrram=COMRAM,nvbit=COMRAM,rbss=COMRAM,rbit=COMRAM \
  -pfarbss=FARRAM,fardata=FARRAM,nvFARRAM=FARRAM \
  -pintsave_regs=BIGRAM,bigbss=BIGRAM,bigdata=BIGRAM -pbss=RAM \
  -pidata=CODE,irdata=CODE,ibigdata=CODE,ifardata=CODE -prparam=COMRAM \
  C:\Users\Hp\AppData\Local\Temp\s97o.o \
  dist/default/production\ext_adc.X.production.o 

Object code version is 3.11

Machine type is 18F46K22

Call graph: (short form)




                Name                               Link     Load   Length Selector   Space Scale
C:\Users\Hp\AppData\Local\Temp\s97o.o
                init                                 74       74        4        4       0
                reset_vec                             0        0        4        0       0
                idloc                            200000   200000        8   200000       0
                config                           300000   300000        E   300000       0
dist/default/production\ext_adc.X.production.o
                intcode                               8        8       6C        4       0
                temp                                 58       58        1        1       1
                smallconst                         1000     1000       5C      800       0
                text59                             4804     4804        4      82E       0
                text58                             4756     4756       1E      82E       0
                text57                             42C0     42C0       4A      82E       0
                text56                             2EA0     2EA0      31E      82E       0
                text54                             4698     4698       2C      82E       0
                text53                             44C6     44C6       3A      82E       0
                text52                             4082     4082       70      82E       0
                text51                             466C     466C       2C      82E       0
                text50                             4006     4006       7C      82E       0
                text49                             448C     448C       3A      82E       0
                text48                             4738     4738       1E      82E       0
                text47                             4712     4712       26      82E       0
                text46                             4774     4774       18      82E       0
                text45                             4450     4450       3C      82E       0
                text44                             47B8     47B8       12      82E       0
                text43                             4640     4640       2C      82E       0
                text42                             4414     4414       3C      82E       0
                text41                             47F6     47F6        A      82E       0
                text40                             47EC     47EC        A      82E       0
                text39                             47E2     47E2        A      82E       0
                text38                             43D4     43D4       40      82E       0
                text37                             45DE     45DE       34      82E       0
                text36                             4800     4800        4      82E       0
                text35                             47CA     47CA        E      82E       0
                text34                             4394     4394       40      82E       0
                text33                             47A2     47A2       16      82E       0
                text32                             33D4     33D4      1B4      82E       0
                text31                             46EC     46EC       26      82E       0
                text30                             4570     4570       38      82E       0
                text29                             426E     426E       52      82E       0
                text28                             3588     3588      19A      82E       0
                text27                             3D26     3D26       C4      82E       0
                text26                             3EAC     3EAC       B0      82E       0
                text25                             2B06     2B06      39A      82E       0
                text24                             3F5C     3F5C       AA      82E       0
                text23                             397E     397E      104      82E       0
                text22                             26DC     26DC      42A      82E       0
                text21                             4538     4538       38      82E       0
                text20                             221C     221C      4C0      82E       0
                text19                             430A     430A       46      82E       0
                text18                             3878     3878      106      82E       0
                text17                             3A82     3A82       FE      82E       0
                text16                             31BE     31BE      216      82E       0
                text15                             478C     478C       16      82E       0
                text14                             47D8     47D8        A      82E       0
                text13                             3C5C     3C5C       CA      82E       0
                text12                             4350     4350       44      82E       0
                text11                             45A8     45A8       36      82E       0
                text10                             3DEA     3DEA       C2      82E       0
                text9                              41B6     41B6       5E      82E       0
                text8                              4500     4500       38      82E       0
                text7                              4156     4156       60      82E       0
                text6                              105C     105C      BB2      82E       0
                text5                              3B80     3B80       DC      82E       0
                text4                              1C0E     1C0E      60E      82E       0
                text3                              40F2     40F2       64      82E       0
                text2                              46C4     46C4       28      82E       0
                text1                              4214     4214       5A      82E       0
                text0                              3722     3722      156      82E       0
                cstackCOMRAM                          1        1       4F        1       1
                cstackBANK0                          60       60       7C       60       1
                cstackBANK1                         176      176        A      100       1
                bssBANK1                            100      100       76      100       1
                bssBANK0                             DC       DC       23       60       1
                bssCOMRAM                            50       50        8        1       1
                cinit                              4612     4612       2E      82E       0
                nvBANK1                             180      180        6      100       1

TOTAL           Name                               Link     Load   Length     Space
        CLASS   STACK          

        CLASS   CODE           
                intcode                               8        8       6C         0
                init                                 74       74        4         0
                reset_vec                             0        0        4         0
                text59                             4804     4804        4         0
                text58                             4756     4756       1E         0
                text57                             42C0     42C0       4A         0
                text56                             2EA0     2EA0      31E         0
                text54                             4698     4698       2C         0
                text53                             44C6     44C6       3A         0
                text52                             4082     4082       70         0
                text51                             466C     466C       2C         0
                text50                             4006     4006       7C         0
                text49                             448C     448C       3A         0
                text48                             4738     4738       1E         0
                text47                             4712     4712       26         0
                text46                             4774     4774       18         0
                text45                             4450     4450       3C         0
                text44                             47B8     47B8       12         0
                text43                             4640     4640       2C         0
                text42                             4414     4414       3C         0
                text41                             47F6     47F6        A         0
                text40                             47EC     47EC        A         0
                text39                             47E2     47E2        A         0
                text38                             43D4     43D4       40         0
                text37                             45DE     45DE       34         0
                text36                             4800     4800        4         0
                text35                             47CA     47CA        E         0
                text34                             4394     4394       40         0
                text33                             47A2     47A2       16         0
                text32                             33D4     33D4      1B4         0
                text31                             46EC     46EC       26         0
                text30                             4570     4570       38         0
                text29                             426E     426E       52         0
                text28                             3588     3588      19A         0
                text27                             3D26     3D26       C4         0
                text26                             3EAC     3EAC       B0         0
                text25                             2B06     2B06      39A         0
                text24                             3F5C     3F5C       AA         0
                text23                             397E     397E      104         0
                text22                             26DC     26DC      42A         0
                text21                             4538     4538       38         0
                text20                             221C     221C      4C0         0
                text19                             430A     430A       46         0
                text18                             3878     3878      106         0
                text17                             3A82     3A82       FE         0
                text16                             31BE     31BE      216         0
                text15                             478C     478C       16         0
                text14                             47D8     47D8        A         0
                text13                             3C5C     3C5C       CA         0
                text12                             4350     4350       44         0
                text11                             45A8     45A8       36         0
                text10                             3DEA     3DEA       C2         0
                text9                              41B6     41B6       5E         0
                text8                              4500     4500       38         0
                text7                              4156     4156       60         0
                text6                              105C     105C      BB2         0
                text5                              3B80     3B80       DC         0
                text4                              1C0E     1C0E      60E         0
                text3                              40F2     40F2       64         0
                text2                              46C4     46C4       28         0
                text1                              4214     4214       5A         0
                text0                              3722     3722      156         0
                cinit                              4612     4612       2E         0

        CLASS   CONST          

        CLASS   SMALLCONST     
                smallconst                         1000     1000       5C         0

        CLASS   MEDIUMCONST    

        CLASS   COMRAM         
                temp                                 58       58        1         1
                cstackCOMRAM                          1        1       4F         1
                bssCOMRAM                            50       50        8         1

        CLASS   ABS1           

        CLASS   BIGRAM         

        CLASS   RAM            

        CLASS   BANK0          
                cstackBANK0                          60       60       7C         1
                bssBANK0                             DC       DC       23         1

        CLASS   BANK1          
                cstackBANK1                         176      176        A         1
                bssBANK1                            100      100       76         1
                nvBANK1                             180      180        6         1

        CLASS   BANK2          

        CLASS   BANK3          

        CLASS   BANK4          

        CLASS   BANK5          

        CLASS   BANK6          

        CLASS   BANK7          

        CLASS   BANK8          

        CLASS   BANK9          

        CLASS   BANK10         

        CLASS   BANK11         

        CLASS   BANK12         

        CLASS   BANK13         

        CLASS   BANK14         

        CLASS   BANK15         

        CLASS   SFR            

        CLASS   FARRAM         

        CLASS   CONFIG         
                config                           300000   300000        E         0

        CLASS   IDLOC          
                idloc                            200000   200000        8         0

        CLASS   EEDATA         



SEGMENTS        Name                           Load    Length   Top    Selector   Space  Class

                reset_vec                      000000  000004  000004         0       0  CODE    
                cstackCOMRAM                   000001  000058  000059         1       1  COMRAM  
                intcode                        000008  000070  000078         4       0  CODE    
                cstackBANK0                    000060  00009F  0000FF        60       1  BANK0   
                bssBANK1                       000100  000086  000186       100       1  BANK1   
                smallconst                     001000  00005C  00105C       800       0  SMALLCON
                text6                          00105C  0037AC  004808       82E       0  CODE    
                idloc                          200000  000008  200008    200000       0  IDLOC   
                config                         300000  00000E  30000E    300000       0  CONFIG  


UNUSED ADDRESS RANGES

        Name                Unused          Largest block    Delta
        BANK0            0000FF-0000FF                1
        BANK1            000186-0001FF               7A
        BANK10           000A00-000AFF              100
        BANK11           000B00-000BFF              100
        BANK12           000C00-000CFF              100
        BANK13           000D00-000DFF              100
        BANK14           000E00-000EFF              100
        BANK15           000F00-000F37               38
        BANK2            000200-0002FF              100
        BANK3            000300-0003FF              100
        BANK4            000400-0004FF              100
        BANK5            000500-0005FF              100
        BANK6            000600-0006FF              100
        BANK7            000700-0007FF              100
        BANK8            000800-0008FF              100
        BANK9            000900-0009FF              100
        BIGRAM           000059-00005F                7
                         0000FF-0000FF                1
                         000186-000F37              DB2
        CODE             000004-000007                4
                         000078-000FFF              F88
                         004808-00FFFF             B7F8
        COMRAM           000059-00005F                7
        CONST            000004-000007                4
                         000078-000FFF              F88
                         004808-00FFFF             B7F8
        EEDATA           F00000-F003FF              400
        MEDIUMCONST      004808-00FFFF             B7F8
        RAM              0000FF-0000FF                1
                         000186-000F37              100
        SFR              000F38-000FFF               28
        SMALLCONST       004808-00FFFF              100
        STACK            000186-000F37              DB2

                                  Symbol Table

?_Read_MCP3221                                  cstackCOMRAM 00000A
?___awdiv                                       cstackCOMRAM 000008
?___awmod                                       cstackCOMRAM 000008
?___fladd                                       cstackCOMRAM 000008
?___fldiv                                       cstackCOMRAM 00002F
?___flmul                                       cstackCOMRAM 000016
?___flneg                                       cstackCOMRAM 000008
?___flsub                                       cstackCOMRAM 00002F
?___fltol                                       cstackCOMRAM 000008
?___fpclassifyf                                 cstackCOMRAM 000008
?___wmul                                        cstackCOMRAM 000008
?___xxtofl                                      cstackCOMRAM 000008
?_atoi                                          cstackCOMRAM 00000F
?_efgtoa                                        cstackBANK0  000070
?_floorf                                        cstackCOMRAM 000048
?_isdigit                                       cstackCOMRAM 000008
?_isspace                                       cstackCOMRAM 000008
?_isupper                                       cstackCOMRAM 000008
?_pad                                           cstackCOMRAM 00001A
?_printf                                        cstackBANK0  0000D0
?_sprintf                                       cstackBANK0  0000D0
?_strlen                                        cstackCOMRAM 000008
?_strncmp                                       cstackCOMRAM 000008
?_tolower                                       cstackCOMRAM 00000E
?_vfpfcnvrt                                     cstackBANK0  0000B4
?_vfprintf                                      cstackBANK0  0000C8
EUSART1_SetErrorHandler@interruptHandler        cstackCOMRAM 000008
EUSART1_SetFramingErrorHandler@interruptHandler cstackCOMRAM 000008
EUSART1_SetOverrunErrorHandler@interruptHandler cstackCOMRAM 000008
EUSART1_Write@txData                            cstackCOMRAM 000008
I2C1_ISR@i2c_10bit_address_restart              bssCOMRAM    000052
I2C1_ISR@i2c_address                            bssCOMRAM    000056
I2C1_ISR@i2c_bytes_left                         bssCOMRAM    000053
I2C1_ISR@pi2c_buf_ptr                           bssBANK0     0000F1
I2C1_MasterRead@trBlock                         bssBANK1     00016C
I2C1_MasterWrite@trBlock                        bssBANK1     000171
I2C1_Stop@completion_code                       cstackCOMRAM 000003
LCDGoto@ln                                      cstackCOMRAM 00000C
LCDGoto@pos                                     cstackCOMRAM 000011
LCDPutChar@ch                                   cstackCOMRAM 00000B
LCDPutCmd@ch                                    cstackCOMRAM 00000B
LCDPutStr@i                                     cstackCOMRAM 000010
LCDPutStr@str                                   cstackCOMRAM 00000C
LCDWriteNibble@ch                               cstackCOMRAM 000009
LCDWriteNibble@rs                               cstackCOMRAM 000008
Read_MCP3221@adcdata                            cstackCOMRAM 00000C
Read_MCP3221@hidata                             cstackCOMRAM 00000E
Read_MCP3221@lodata                             cstackCOMRAM 00000F
_ANSELA                                         (abs)        000F38
_ANSELB                                         (abs)        000F39
_ANSELC                                         (abs)        000F3A
_ANSELD                                         (abs)        000F3B
_ANSELE                                         (abs)        000F3C
_BAUDCON1                                       (abs)        000FB8
_Buffer                                         bssBANK1     000158
_EUSART1_DefaultErrorHandler                    (abs)        000000
_EUSART1_DefaultFramingErrorHandler             (abs)        000000
_EUSART1_DefaultOverrunErrorHandler             (abs)        000000
_EUSART1_ErrorHandler                           nvBANK1      000180
_EUSART1_FramingErrorHandler                    nvBANK1      000184
_EUSART1_Initialize                             text38       0043D4
_EUSART1_OverrunErrorHandler                    nvBANK1      000182
_EUSART1_SetErrorHandler                        text41       0047F6
_EUSART1_SetFramingErrorHandler                 text40       0047EC
_EUSART1_SetOverrunErrorHandler                 text39       0047E2
_EUSART1_Write                                  text15       00478C
_I2C1_BusCollisionISR                           text59       004804
_I2C1_FunctionComplete                          text58       004756
_I2C1_ISR                                       text56       002EA0
_I2C1_Initialize                                text37       0045DE
_I2C1_Stop                                      text57       0042C0
_INTCON2bits                                    (abs)        000FF1
_INTCONbits                                     (abs)        000FF2
_INTERRUPT_Initialize                           text36       004800
_INTERRUPT_InterruptManager                     intcode      000008
_LATA                                           (abs)        000F89
_LATB                                           (abs)        000F8A
_LATC                                           (abs)        000F8B
_LATD                                           (abs)        000F8C
_LATE                                           (abs)        000F8D
_LCDGoto                                        text52       004082
_LCDGoto$816                                    cstackCOMRAM 00000F
_LCDPutChar                                     text51       00466C
_LCDPutCmd                                      text53       0044C6
_LCDPutStr                                      text50       004006
_LCDWriteNibble                                 text54       004698
_LCD_Initialize                                 text49       00448C
_OSCCON                                         (abs)        000FD3
_OSCCON2                                        (abs)        000FD2
_OSCILLATOR_Initialize                          text35       0047CA
_OSCTUNE                                        (abs)        000F9B
_PIE1bits                                       (abs)        000F9D
_PIE2bits                                       (abs)        000FA0
_PIN_MANAGER_Initialize                         text34       004394
_PIR1bits                                       (abs)        000F9E
_PIR2bits                                       (abs)        000FA1
_PORTB                                          (abs)        000F81
_PORTBbits                                      (abs)        000F81
_RCONbits                                       (abs)        000FD0
_RCREG1                                         (abs)        000FAE
_RCSTA1                                         (abs)        000FAB
_RCSTA1bits                                     (abs)        000FAB
_Read_MCP3221                                   text42       004414
_SPBRG1                                         (abs)        000FAF
_SPBRGH1                                        (abs)        000FB0
_SSP1ADD                                        (abs)        000FC8
_SSP1BUF                                        (abs)        000FC9
_SSP1CON1                                       (abs)        000FC6
_SSP1CON1bits                                   (abs)        000FC6
_SSP1CON2                                       (abs)        000FC5
_SSP1CON2bits                                   (abs)        000FC5
_SSP1CON3                                       (abs)        000FCB
_SSP1STAT                                       (abs)        000FC7
_SSP1STATbits                                   (abs)        000FC7
_SSPCON2bits                                    (abs)        000FC5
_SYSTEM_Initialize                              text33       0047A2
_TRISA                                          (abs)        000F92
_TRISB                                          (abs)        000F93
_TRISC                                          (abs)        000F94
_TRISD                                          (abs)        000F95
_TRISE                                          (abs)        000F96
_TXREG1                                         (abs)        000FAD
_TXSTA1                                         (abs)        000FAC
_TXSTA1bits                                     (abs)        000FAC
_Voltage                                        bssBANK0     0000E7
_WPUB                                           (abs)        000F61
__CFG_BOREN$SBORDIS                             (abs)        000000
__CFG_BORV$190                                  (abs)        000000
__CFG_CCP2MX$PORTC1                             (abs)        000000
__CFG_CCP3MX$PORTB5                             (abs)        000000
__CFG_CP0$OFF                                   (abs)        000000
__CFG_CP1$OFF                                   (abs)        000000
__CFG_CP2$OFF                                   (abs)        000000
__CFG_CP3$OFF                                   (abs)        000000
__CFG_CPB$OFF                                   (abs)        000000
__CFG_CPD$OFF                                   (abs)        000000
__CFG_DEBUG$OFF                                 (abs)        000000
__CFG_EBTR0$OFF                                 (abs)        000000
__CFG_EBTR1$OFF                                 (abs)        000000
__CFG_EBTR2$OFF                                 (abs)        000000
__CFG_EBTR3$OFF                                 (abs)        000000
__CFG_EBTRB$OFF                                 (abs)        000000
__CFG_FCMEN$OFF                                 (abs)        000000
__CFG_FOSC$INTIO67                              (abs)        000000
__CFG_HFOFST$ON                                 (abs)        000000
__CFG_IESO$OFF                                  (abs)        000000
__CFG_LVP$ON                                    (abs)        000000
__CFG_MCLRE$EXTMCLR                             (abs)        000000
__CFG_P2BMX$PORTD2                              (abs)        000000
__CFG_PBADEN$OFF                                (abs)        000000
__CFG_PLLCFG$OFF                                (abs)        000000
__CFG_PRICLKEN$ON                               (abs)        000000
__CFG_PWRTEN$OFF                                (abs)        000000
__CFG_STVREN$ON                                 (abs)        000000
__CFG_T3CMX$PORTC0                              (abs)        000000
__CFG_WDTEN$OFF                                 (abs)        000000
__CFG_WDTPS$32768                               (abs)        000000
__CFG_WRT0$OFF                                  (abs)        000000
__CFG_WRT1$OFF                                  (abs)        000000
__CFG_WRT2$OFF                                  (abs)        000000
__CFG_WRT3$OFF                                  (abs)        000000
__CFG_WRTB$OFF                                  (abs)        000000
__CFG_WRTC$OFF                                  (abs)        000000
__CFG_WRTD$OFF                                  (abs)        000000
__CFG_XINST$OFF                                 (abs)        000000
__HRAM                                          (abs)        000000
__Habs1                                         abs1         000000
__Hbank0                                        bank0        000000
__Hbank1                                        bank1        000000
__Hbank10                                       bank10       000000
__Hbank11                                       bank11       000000
__Hbank12                                       bank12       000000
__Hbank13                                       bank13       000000
__Hbank14                                       bank14       000000
__Hbank15                                       bank15       000000
__Hbank2                                        bank2        000000
__Hbank3                                        bank3        000000
__Hbank4                                        bank4        000000
__Hbank5                                        bank5        000000
__Hbank6                                        bank6        000000
__Hbank7                                        bank7        000000
__Hbank8                                        bank8        000000
__Hbank9                                        bank9        000000
__Hbigbss                                       bigbss       000000
__Hbigdata                                      bigdata      000000
__Hbigram                                       bigram       000000
__Hbss                                          bss          000000
__HbssBANK0                                     bssBANK0     000000
__HbssBANK1                                     bssBANK1     000000
__HbssCOMRAM                                    bssCOMRAM    000000
__Hcinit                                        cinit        000000
__Hclrtext                                      clrtext      000000
__Hcomram                                       comram       000000
__Hconfig                                       config       30000E
__Hconst                                        const        000000
__HcstackBANK0                                  cstackBANK0  000000
__HcstackBANK1                                  cstackBANK1  000000
__HcstackCOMRAM                                 cstackCOMRAM 000000
__Hdata                                         data         000000
__Heeprom_data                                  eeprom_data  000000
__Hfarbss                                       farbss       000000
__Hfardata                                      fardata      000000
__Hibigdata                                     ibigdata     000000
__Hidata                                        idata        000000
__Hidloc                                        idloc        200008
__Hifardata                                     ifardata     000000
__Hinit                                         init         000078
__Hintcode                                      intcode      000074
__Hintcode_body                                 intcode_body 000000
__Hintcodelo                                    intcodelo    000074
__Hintentry                                     intentry     000000
__Hintret                                       intret       000000
__Hintsave_regs                                 intsave_regs 000000
__Hirdata                                       irdata       000000
__Hmediumconst                                  mediumconst  000000
__HnvBANK1                                      nvBANK1      000000
__HnvFARRAM                                     nvFARRAM     000000
__Hnvbit                                        nvbit        000000
__Hnvrram                                       nvrram       000000
__Hparam                                        rparam       000000
__Hpowerup                                      powerup      000074
__Hram                                          ram          000000
__Hramtop                                       ramtop       001000
__Hrbit                                         rbit         000000
__Hrbss                                         rbss         000000
__Hrdata                                        rdata        000000
__Hreset_vec                                    reset_vec    000004
__Hrparam                                       rparam       000000
__Hsfr                                          sfr          000000
__Hsmallconst                                   smallconst   00105C
__Hspace_0                                      (abs)        30000E
__Hspace_1                                      (abs)        000186
__Hspace_2                                      (abs)        000000
__Hstack                                        stack        000000
__Hstruct                                       struct       000000
__Htemp                                         temp         000059
__Htext                                         text         000000
__Htext0                                        text0        000000
__Htext1                                        text1        000000
__Htext10                                       text10       000000
__Htext11                                       text11       000000
__Htext12                                       text12       000000
__Htext13                                       text13       000000
__Htext14                                       text14       000000
__Htext15                                       text15       000000
__Htext16                                       text16       000000
__Htext17                                       text17       000000
__Htext18                                       text18       000000
__Htext19                                       text19       000000
__Htext2                                        text2        000000
__Htext20                                       text20       000000
__Htext21                                       text21       000000
__Htext22                                       text22       000000
__Htext23                                       text23       000000
__Htext24                                       text24       000000
__Htext25                                       text25       000000
__Htext26                                       text26       000000
__Htext27                                       text27       000000
__Htext28                                       text28       000000
__Htext29                                       text29       000000
__Htext3                                        text3        000000
__Htext30                                       text30       000000
__Htext31                                       text31       000000
__Htext32                                       text32       000000
__Htext33                                       text33       000000
__Htext34                                       text34       000000
__Htext35                                       text35       000000
__Htext36                                       text36       000000
__Htext37                                       text37       000000
__Htext38                                       text38       000000
__Htext39                                       text39       000000
__Htext4                                        text4        000000
__Htext40                                       text40       000000
__Htext41                                       text41       000000
__Htext42                                       text42       000000
__Htext43                                       text43       000000
__Htext44                                       text44       000000
__Htext45                                       text45       000000
__Htext46                                       text46       000000
__Htext47                                       text47       000000
__Htext48                                       text48       000000
__Htext49                                       text49       000000
__Htext5                                        text5        000000
__Htext50                                       text50       000000
__Htext51                                       text51       000000
__Htext52                                       text52       000000
__Htext53                                       text53       000000
__Htext54                                       text54       000000
__Htext56                                       text56       000000
__Htext57                                       text57       000000
__Htext58                                       text58       000000
__Htext59                                       text59       000000
__Htext6                                        text6        000000
__Htext7                                        text7        000000
__Htext8                                        text8        000000
__Htext9                                        text9        000000
__LRAM                                          (abs)        000001
__Labs1                                         abs1         000000
__Lbank0                                        bank0        000000
__Lbank1                                        bank1        000000
__Lbank10                                       bank10       000000
__Lbank11                                       bank11       000000
__Lbank12                                       bank12       000000
__Lbank13                                       bank13       000000
__Lbank14                                       bank14       000000
__Lbank15                                       bank15       000000
__Lbank2                                        bank2        000000
__Lbank3                                        bank3        000000
__Lbank4                                        bank4        000000
__Lbank5                                        bank5        000000
__Lbank6                                        bank6        000000
__Lbank7                                        bank7        000000
__Lbank8                                        bank8        000000
__Lbank9                                        bank9        000000
__Lbigbss                                       bigbss       000000
__Lbigdata                                      bigdata      000000
__Lbigram                                       bigram       000000
__Lbss                                          bss          000000
__LbssBANK0                                     bssBANK0     000000
__LbssBANK1                                     bssBANK1     000000
__LbssCOMRAM                                    bssCOMRAM    000000
__Lcinit                                        cinit        000000
__Lclrtext                                      clrtext      000000
__Lcomram                                       comram       000000
__Lconfig                                       config       300000
__Lconst                                        const        000000
__LcstackBANK0                                  cstackBANK0  000000
__LcstackBANK1                                  cstackBANK1  000000
__LcstackCOMRAM                                 cstackCOMRAM 000000
__Ldata                                         data         000000
__Leeprom_data                                  eeprom_data  000000
__Lfarbss                                       farbss       000000
__Lfardata                                      fardata      000000
__Libigdata                                     ibigdata     000000
__Lidata                                        idata        000000
__Lidloc                                        idloc        200000
__Lifardata                                     ifardata     000000
__Linit                                         init         000074
__Lintcode                                      intcode      000008
__Lintcode_body                                 intcode_body 000000
__Lintcodelo                                    intcodelo    000074
__Lintentry                                     intentry     000000
__Lintret                                       intret       000000
__Lintsave_regs                                 intsave_regs 000000
__Lirdata                                       irdata       000000
__Lmediumconst                                  mediumconst  000000
__LnvBANK1                                      nvBANK1      000000
__LnvFARRAM                                     nvFARRAM     000000
__Lnvbit                                        nvbit        000000
__Lnvrram                                       nvrram       000000
__Lparam                                        rparam       000000
__Lpowerup                                      powerup      000074
__Lram                                          ram          000000
__Lramtop                                       ramtop       001000
__Lrbit                                         rbit         000000
__Lrbss                                         rbss         000000
__Lrdata                                        rdata        000000
__Lreset_vec                                    reset_vec    000000
__Lrparam                                       rparam       000000
__Lsfr                                          sfr          000000
__Lsmallconst                                   smallconst   001000
__Lspace_0                                      (abs)        000000
__Lspace_1                                      (abs)        000000
__Lspace_2                                      (abs)        000000
__Lstack                                        stack        000000
__Lstruct                                       struct       000000
__Ltemp                                         temp         000058
__Ltext                                         text         000000
__Ltext0                                        text0        000000
__Ltext1                                        text1        000000
__Ltext10                                       text10       000000
__Ltext11                                       text11       000000
__Ltext12                                       text12       000000
__Ltext13                                       text13       000000
__Ltext14                                       text14       000000
__Ltext15                                       text15       000000
__Ltext16                                       text16       000000
__Ltext17                                       text17       000000
__Ltext18                                       text18       000000
__Ltext19                                       text19       000000
__Ltext2                                        text2        000000
__Ltext20                                       text20       000000
__Ltext21                                       text21       000000
__Ltext22                                       text22       000000
__Ltext23                                       text23       000000
__Ltext24                                       text24       000000
__Ltext25                                       text25       000000
__Ltext26                                       text26       000000
__Ltext27                                       text27       000000
__Ltext28                                       text28       000000
__Ltext29                                       text29       000000
__Ltext3                                        text3        000000
__Ltext30                                       text30       000000
__Ltext31                                       text31       000000
__Ltext32                                       text32       000000
__Ltext33                                       text33       000000
__Ltext34                                       text34       000000
__Ltext35                                       text35       000000
__Ltext36                                       text36       000000
__Ltext37                                       text37       000000
__Ltext38                                       text38       000000
__Ltext39                                       text39       000000
__Ltext4                                        text4        000000
__Ltext40                                       text40       000000
__Ltext41                                       text41       000000
__Ltext42                                       text42       000000
__Ltext43                                       text43       000000
__Ltext44                                       text44       000000
__Ltext45                                       text45       000000
__Ltext46                                       text46       000000
__Ltext47                                       text47       000000
__Ltext48                                       text48       000000
__Ltext49                                       text49       000000
__Ltext5                                        text5        000000
__Ltext50                                       text50       000000
__Ltext51                                       text51       000000
__Ltext52                                       text52       000000
__Ltext53                                       text53       000000
__Ltext54                                       text54       000000
__Ltext56                                       text56       000000
__Ltext57                                       text57       000000
__Ltext58                                       text58       000000
__Ltext59                                       text59       000000
__Ltext6                                        text6        000000
__Ltext7                                        text7        000000
__Ltext8                                        text8        000000
__Ltext9                                        text9        000000
__S0                                            (abs)        30000E
__S1                                            (abs)        000186
__S2                                            (abs)        000000
___awdiv                                        text27       003D26
___awdiv@counter                                cstackCOMRAM 00000C
___awdiv@dividend                               cstackCOMRAM 000008
___awdiv@divisor                                cstackCOMRAM 00000A
___awdiv@quotient                               cstackCOMRAM 00000E
___awdiv@sign                                   cstackCOMRAM 00000D
___awmod                                        text26       003EAC
___awmod@counter                                cstackCOMRAM 00000C
___awmod@dividend                               cstackCOMRAM 000008
___awmod@divisor                                cstackCOMRAM 00000A
___awmod@sign                                   cstackCOMRAM 00000D
___fladd                                        text20       00221C
___fladd@a                                      cstackCOMRAM 00000C
___fladd@aexp                                   cstackCOMRAM 000015
___fladd@b                                      cstackCOMRAM 000008
___fladd@bexp                                   cstackCOMRAM 000016
___fladd@grs                                    cstackCOMRAM 000017
___fladd@signs                                  cstackCOMRAM 000014
___fldiv                                        text25       002B06
___fldiv@a                                      cstackCOMRAM 000033
___fldiv@aexp                                   cstackCOMRAM 000047
___fldiv@b                                      cstackCOMRAM 00002F
___fldiv@bexp                                   cstackCOMRAM 000046
___fldiv@grs                                    cstackCOMRAM 000042
___fldiv@new_exp                                cstackCOMRAM 000040
___fldiv@rem                                    cstackCOMRAM 00003B
___fldiv@sign                                   cstackCOMRAM 00003F
___fleq                                         text24       003F5C
___fleq@ff1                                     cstackCOMRAM 000008
___fleq@ff2                                     cstackCOMRAM 00000C
___flge                                         text23       00397E
___flge@ff1                                     cstackCOMRAM 00002F
___flge@ff2                                     cstackCOMRAM 000033
___flmul                                        text22       0026DC
___flmul@a                                      cstackCOMRAM 00001A
___flmul@aexp                                   cstackCOMRAM 000023
___flmul@b                                      cstackCOMRAM 000016
___flmul@bexp                                   cstackCOMRAM 000028
___flmul@grs                                    cstackCOMRAM 000024
___flmul@prod                                   cstackCOMRAM 000029
___flmul@sign                                   cstackCOMRAM 000022
___flmul@temp                                   cstackCOMRAM 00002D
___flneg                                        text21       004538
___flneg@f1                                     cstackCOMRAM 000008
___flsub                                        text19       00430A
___flsub@a                                      cstackCOMRAM 000033
___flsub@b                                      cstackCOMRAM 00002F
___fltol                                        text18       003878
___fltol@exp1                                   cstackCOMRAM 000011
___fltol@f1                                     cstackCOMRAM 000008
___fltol@sign1                                  cstackCOMRAM 000010
___fpclassifyf                                  text17       003A82
___fpclassifyf@F463                             bssBANK0     0000E3
___fpclassifyf@e                                cstackCOMRAM 000010
___fpclassifyf@u                                cstackCOMRAM 000012
___fpclassifyf@x                                cstackCOMRAM 000008
___inthi_sp                                     stack        000000
___intlo_sp                                     stack        000000
___param_bank                                   (abs)        000000
___rparam_used                                  (abs)        000001
___sp                                           stack        000000
___wmul                                         text31       0046EC
___wmul@multiplicand                            cstackCOMRAM 00000A
___wmul@multiplier                              cstackCOMRAM 000008
___wmul@product                                 cstackCOMRAM 00000C
___xxtofl                                       text32       0033D4
___xxtofl@arg                                   cstackCOMRAM 000012
___xxtofl@exp                                   cstackCOMRAM 000011
___xxtofl@sign                                  cstackCOMRAM 000010
___xxtofl@val                                   cstackCOMRAM 000008
__accesstop                                     (abs)        000060
__activetblptr                                  (abs)        000003
__end_of_EUSART1_Initialize                     text38       004414
__end_of_EUSART1_SetErrorHandler                text41       004800
__end_of_EUSART1_SetFramingErrorHandler         text40       0047F6
__end_of_EUSART1_SetOverrunErrorHandler         text39       0047EC
__end_of_EUSART1_Write                          text15       0047A2
__end_of_I2C1_BusCollisionISR                   text59       004808
__end_of_I2C1_FunctionComplete                  text58       004774
__end_of_I2C1_ISR                               text56       0031BE
__end_of_I2C1_Initialize                        text37       004612
__end_of_I2C1_Stop                              text57       00430A
__end_of_INTERRUPT_Initialize                   text36       004804
__end_of_INTERRUPT_InterruptManager             intcode      000074
__end_of_LCDGoto                                text52       0040F2
__end_of_LCDPutChar                             text51       004698
__end_of_LCDPutCmd                              text53       004500
__end_of_LCDPutStr                              text50       004082
__end_of_LCDWriteNibble                         text54       0046C4
__end_of_LCD_Initialize                         text49       0044C6
__end_of_OSCILLATOR_Initialize                  text35       0047D8
__end_of_PIN_MANAGER_Initialize                 text34       0043D4
__end_of_Read_MCP3221                           text42       004450
__end_of_SYSTEM_Initialize                      text33       0047B8
__end_of___awdiv                                text27       003DEA
__end_of___awmod                                text26       003F5C
__end_of___fladd                                text20       0026DC
__end_of___fldiv                                text25       002EA0
__end_of___fleq                                 text24       004006
__end_of___flge                                 text23       003A82
__end_of___flmul                                text22       002B06
__end_of___flneg                                text21       004570
__end_of___flsub                                text19       004350
__end_of___fltol                                text18       00397E
__end_of___fpclassifyf                          text17       003B80
__end_of___wmul                                 text31       004712
__end_of___xxtofl                               text32       003588
__end_of__initialization                        cinit        004636
__end_of_atoi                                   text28       003722
__end_of_efgtoa                                 text6        001C0E
__end_of_floorf                                 text16       0033D4
__end_of_fputc                                  text13       003D26
__end_of_fputs                                  text12       004394
__end_of_i2c_idle                               text47       004738
__end_of_i2c_master_ack                         text48       004756
__end_of_i2c_read                               text46       00478C
__end_of_i2c_start                              text45       00448C
__end_of_i2c_stop                               text44       0047CA
__end_of_i2c_write                              text43       00466C
__end_of_isdigit                                text30       0045A8
__end_of_isspace                                text29       0042C0
__end_of_isupper                                text8        004538
__end_of_main                                   text0        003878
__end_of_pad                                    text10       003EAC
__end_of_printf                                 text2        0046EC
__end_of_putch                                  text14       0047E2
__end_of_sprintf                                text1        00426E
__end_of_strcpy                                 text9        004214
__end_of_strlen                                 text11       0045DE
__end_of_strncmp                                text5        003C5C
__end_of_tolower                                text7        0041B6
__end_of_vfpfcnvrt                              text4        00221C
__end_of_vfprintf                               text3        004156
__initialization                                cinit        004612
__mediumconst                                   mediumconst  000000
__pbssBANK0                                     bssBANK0     0000DC
__pbssBANK1                                     bssBANK1     000100
__pbssCOMRAM                                    bssCOMRAM    000050
__pcinit                                        cinit        004612
__pcstackBANK0                                  cstackBANK0  000060
__pcstackBANK1                                  cstackBANK1  000176
__pcstackCOMRAM                                 cstackCOMRAM 000001
__pintcode                                      intcode      000008
__pnvBANK1                                      nvBANK1      000180
__psmallconst                                   smallconst   001000
__ptext0                                        text0        003722
__ptext1                                        text1        004214
__ptext10                                       text10       003DEA
__ptext11                                       text11       0045A8
__ptext12                                       text12       004350
__ptext13                                       text13       003C5C
__ptext14                                       text14       0047D8
__ptext15                                       text15       00478C
__ptext16                                       text16       0031BE
__ptext17                                       text17       003A82
__ptext18                                       text18       003878
__ptext19                                       text19       00430A
__ptext2                                        text2        0046C4
__ptext20                                       text20       00221C
__ptext21                                       text21       004538
__ptext22                                       text22       0026DC
__ptext23                                       text23       00397E
__ptext24                                       text24       003F5C
__ptext25                                       text25       002B06
__ptext26                                       text26       003EAC
__ptext27                                       text27       003D26
__ptext28                                       text28       003588
__ptext29                                       text29       00426E
__ptext3                                        text3        0040F2
__ptext30                                       text30       004570
__ptext31                                       text31       0046EC
__ptext32                                       text32       0033D4
__ptext33                                       text33       0047A2
__ptext34                                       text34       004394
__ptext35                                       text35       0047CA
__ptext36                                       text36       004800
__ptext37                                       text37       0045DE
__ptext38                                       text38       0043D4
__ptext39                                       text39       0047E2
__ptext4                                        text4        001C0E
__ptext40                                       text40       0047EC
__ptext41                                       text41       0047F6
__ptext42                                       text42       004414
__ptext43                                       text43       004640
__ptext44                                       text44       0047B8
__ptext45                                       text45       004450
__ptext46                                       text46       004774
__ptext47                                       text47       004712
__ptext48                                       text48       004738
__ptext49                                       text49       00448C
__ptext5                                        text5        003B80
__ptext50                                       text50       004006
__ptext51                                       text51       00466C
__ptext52                                       text52       004082
__ptext53                                       text53       0044C6
__ptext54                                       text54       004698
__ptext56                                       text56       002EA0
__ptext57                                       text57       0042C0
__ptext58                                       text58       004756
__ptext59                                       text59       004804
__ptext6                                        text6        00105C
__ptext7                                        text7        004156
__ptext8                                        text8        004500
__ptext9                                        text9        0041B6
__ramtop                                        ramtop       001000
__size_of_EUSART1_Initialize                    (abs)        000000
__size_of_EUSART1_SetErrorHandler               (abs)        000000
__size_of_EUSART1_SetFramingErrorHandler        (abs)        000000
__size_of_EUSART1_SetOverrunErrorHandler        (abs)        000000
__size_of_EUSART1_Write                         (abs)        000000
__size_of_I2C1_BusCollisionISR                  (abs)        000000
__size_of_I2C1_FunctionComplete                 (abs)        000000
__size_of_I2C1_ISR                              (abs)        000000
__size_of_I2C1_Initialize                       (abs)        000000
__size_of_I2C1_Stop                             (abs)        000000
__size_of_INTERRUPT_Initialize                  (abs)        000000
__size_of_INTERRUPT_InterruptManager            (abs)        000000
__size_of_LCDGoto                               (abs)        000000
__size_of_LCDPutChar                            (abs)        000000
__size_of_LCDPutCmd                             (abs)        000000
__size_of_LCDPutStr                             (abs)        000000
__size_of_LCDWriteNibble                        (abs)        000000
__size_of_LCD_Initialize                        (abs)        000000
__size_of_OSCILLATOR_Initialize                 (abs)        000000
__size_of_PIN_MANAGER_Initialize                (abs)        000000
__size_of_Read_MCP3221                          (abs)        000000
__size_of_SYSTEM_Initialize                     (abs)        000000
__size_of___awdiv                               (abs)        000000
__size_of___awmod                               (abs)        000000
__size_of___fladd                               (abs)        000000
__size_of___fldiv                               (abs)        000000
__size_of___fleq                                (abs)        000000
__size_of___flge                                (abs)        000000
__size_of___flmul                               (abs)        000000
__size_of___flneg                               (abs)        000000
__size_of___flsub                               (abs)        000000
__size_of___fltol                               (abs)        000000
__size_of___fpclassifyf                         (abs)        000000
__size_of___wmul                                (abs)        000000
__size_of___xxtofl                              (abs)        000000
__size_of_atoi                                  (abs)        000000
__size_of_efgtoa                                (abs)        000000
__size_of_floorf                                (abs)        000000
__size_of_fputc                                 (abs)        000000
__size_of_fputs                                 (abs)        000000
__size_of_i2c_idle                              (abs)        000000
__size_of_i2c_master_ack                        (abs)        000000
__size_of_i2c_read                              (abs)        000000
__size_of_i2c_start                             (abs)        000000
__size_of_i2c_stop                              (abs)        000000
__size_of_i2c_write                             (abs)        000000
__size_of_isdigit                               (abs)        000000
__size_of_isspace                               (abs)        000000
__size_of_isupper                               (abs)        000000
__size_of_main                                  (abs)        000000
__size_of_pad                                   (abs)        000000
__size_of_printf                                (abs)        000000
__size_of_putch                                 (abs)        000000
__size_of_sprintf                               (abs)        000000
__size_of_strcpy                                (abs)        000000
__size_of_strlen                                (abs)        000000
__size_of_strncmp                               (abs)        000000
__size_of_tolower                               (abs)        000000
__size_of_vfpfcnvrt                             (abs)        000000
__size_of_vfprintf                              (abs)        000000
__smallconst                                    smallconst   001000
_atoi                                           text28       003588
_atoi$2253                                      cstackCOMRAM 000017
_atoi$2254                                      cstackCOMRAM 00001B
_atoi$2255                                      cstackCOMRAM 000019
_converted_Value                                bssBANK1     000104
_dbuf                                           bssBANK1     000108
_efgtoa                                         text6        00105C
_efgtoa$1746                                    cstackBANK0  000080
_efgtoa$1747                                    cstackBANK0  000082
_efgtoa$1752                                    cstackBANK0  000084
_efgtoa$1756                                    cstackBANK0  000086
_efgtoa$1757                                    cstackBANK0  000088
_efgtoa$1758                                    cstackBANK0  00008A
_eusart1RxLastError                             bssBANK0     0000F9
_flags                                          bssCOMRAM    000050
_floorf                                         text16       0031BE
_fputc                                          text13       003C5C
_fputs                                          text12       004350
_i2c1_object                                    bssBANK0     0000DC
_i2c1_state                                     bssCOMRAM    000055
_i2c1_tr_queue                                  bssBANK0     0000FA
_i2c1_trb_count                                 bssCOMRAM    000054
_i2c_idle                                       text47       004712
_i2c_master_ack                                 text48       004738
_i2c_read                                       text46       004774
_i2c_start                                      text45       004450
_i2c_stop                                       text44       0047B8
_i2c_write                                      text43       004640
_isdigit                                        text30       004570
_isspace                                        text29       00426E
_isspace$2284                                   cstackCOMRAM 00000E
_isupper                                        text8        004500
_main                                           text0        003722
_nout                                           bssBANK0     0000EB
_p_i2c1_current                                 bssBANK0     0000F3
_p_i2c1_trb_current                             bssBANK0     0000F5
_pad                                            text10       003DEA
_prec                                           bssBANK0     0000EF
_printf                                         text2        0046C4
_putch                                          text14       0047D8
_sprintf                                        text1        004214
_strcpy                                         text9        0041B6
_strlen                                         text11       0045A8
_strncmp                                        text5        003B80
_tolower                                        text7        004156
_tolower$2374                                   cstackCOMRAM 000014
_val                                            bssBANK0     0000F7
_vfpfcnvrt                                      text4        001C0E
_vfpfcnvrt$1772                                 cstackBANK0  0000BA
_vfpfcnvrt$1776                                 cstackBANK0  0000BC
_vfpfcnvrt$1780                                 cstackBANK0  0000BE
_vfprintf                                       text3        0040F2
_width                                          bssBANK0     0000ED
atoi@n                                          cstackCOMRAM 00001C
atoi@neg                                        cstackCOMRAM 000015
atoi@s                                          cstackCOMRAM 00000F
btemp                                           temp         000058
efgtoa@c                                        cstackBANK0  000076
efgtoa@d                                        cstackBANK0  000094
efgtoa@e                                        cstackBANK0  0000AC
efgtoa@f                                        cstackBANK0  000072
efgtoa@fp                                       cstackBANK0  000070
efgtoa@g                                        cstackBANK0  0000A8
efgtoa@h                                        cstackBANK0  00009E
efgtoa@i                                        cstackBANK0  0000A6
efgtoa@l                                        cstackBANK0  0000A2
efgtoa@m                                        cstackBANK0  000090
efgtoa@mode                                     cstackBANK0  00009D
efgtoa@n                                        cstackBANK0  0000AE
efgtoa@ne                                       cstackBANK0  000092
efgtoa@nmode                                    cstackBANK0  00009A
efgtoa@ou                                       cstackBANK0  00007C
efgtoa@p                                        cstackBANK0  000098
efgtoa@pp                                       cstackBANK0  00008E
efgtoa@sign                                     cstackBANK0  000096
efgtoa@t                                        cstackBANK0  00008C
efgtoa@u                                        cstackBANK0  0000B0
efgtoa@w                                        cstackBANK0  00009B
end_of_initialization                           cinit        004636
floorf@F524                                     bssBANK1     000100
floorf@e                                        cstackBANK0  00006A
floorf@m                                        cstackBANK0  000066
floorf@u                                        cstackBANK0  00006C
floorf@x                                        cstackCOMRAM 000048
fputc@c                                         cstackCOMRAM 00000A
fputc@fp                                        cstackCOMRAM 00000C
fputs@c                                         cstackCOMRAM 000017
fputs@fp                                        cstackCOMRAM 000015
fputs@i                                         cstackCOMRAM 000018
fputs@s                                         cstackCOMRAM 000013
i2c_master_ack@ack_type                         cstackCOMRAM 000008
i2c_start@stype                                 cstackCOMRAM 000009
i2c_write@data45                                cstackCOMRAM 000009
int$flags                                       temp         000058
intlevel0                                       text         000000
intlevel1                                       text         000000
intlevel2                                       text         000000
intlevel3                                       text         000000
isdigit@c                                       cstackCOMRAM 000008
isspace@c                                       cstackCOMRAM 000008
isupper@c                                       cstackCOMRAM 000008
pad@buf                                         cstackCOMRAM 00001C
pad@fp                                          cstackCOMRAM 00001A
pad@i                                           cstackCOMRAM 000021
pad@p                                           cstackCOMRAM 00001E
pad@w                                           cstackCOMRAM 000023
printf@ap                                       cstackBANK0  0000D8
printf@fmt                                      cstackBANK0  0000D0
putch@txData                                    cstackCOMRAM 000009
sprintf@ap                                      cstackBANK1  000178
sprintf@f                                       cstackBANK1  00017A
sprintf@fmt                                     cstackBANK0  0000D2
sprintf@s                                       cstackBANK0  0000D0
stackhi                                         (abs)        000F37
stacklo                                         (abs)        000186
start                                           init         000074
start_initialization                            cinit        004612
strcpy@d                                        cstackCOMRAM 000010
strcpy@dest                                     cstackCOMRAM 000008
strcpy@s                                        cstackCOMRAM 00000E
strcpy@src                                      cstackCOMRAM 00000A
strlen@a                                        cstackCOMRAM 00000A
strlen@s                                        cstackCOMRAM 000008
strncmp@_l                                      cstackCOMRAM 000008
strncmp@_r                                      cstackCOMRAM 00000A
strncmp@l                                       cstackCOMRAM 00000F
strncmp@n                                       cstackCOMRAM 00000C
strncmp@r                                       cstackCOMRAM 000011
tolower@c                                       cstackCOMRAM 00000E
ttemp5                                          temp         000059
ttemp6                                          temp         00005C
ttemp7                                          temp         000060
vfpfcnvrt@ap                                    cstackBANK0  0000B8
vfpfcnvrt@c                                     cstackBANK0  0000C3
vfpfcnvrt@ct                                    cstackBANK0  0000C0
vfpfcnvrt@f                                     cstackBANK0  0000C4
vfpfcnvrt@fmt                                   cstackBANK0  0000B6
vfpfcnvrt@fp                                    cstackBANK0  0000B4
vfprintf@ap                                     cstackBANK0  0000CC
vfprintf@cfmt                                   cstackBANK0  0000CE
vfprintf@fmt                                    cstackBANK0  0000CA
vfprintf@fp                                     cstackBANK0  0000C8
wtemp8                                          temp         000059


FUNCTION INFORMATION:

 *************** function _main *****************
 Defined at:
		line 174 in file "main.c"
 Parameters:    Size  Location     Type
		None
 Auto vars:     Size  Location     Type
		None
 Return value:  Size  Location     Type
                  1    wreg      void 
 Registers used:
		wreg, fsr0l, fsr0h, fsr1l, fsr1h, fsr2l, fsr2h, status,2, status,0, tblptrl, tblptrh, tblptru, prodl, prodh, cstack
 Tracked objects:
		On entry : 
		On exit  : 
		Unchanged: 
 Data sizes:     COMRAM   BANK0   BANK1   BANK2   BANK3   BANK4   BANK5   BANK6   BANK7   BANK8   BANK9  BANK10  BANK11  BANK12  BANK13  BANK14  BANK15
      Params:         0       0       0       0       0       0       0       0       0       0       0       0       0       0       0       0       0
      Locals:         0       0       0       0       0       0       0       0       0       0       0       0       0       0       0       0       0
      Temps:          0       2       0       0       0       0       0       0       0       0       0       0       0       0       0       0       0
      Totals:         0       2       0       0       0       0       0       0       0       0       0       0       0       0       0       0       0
Total ram usage:        2 bytes
 Hardware stack levels required when called:   12
 This function calls:
		_LCDGoto
		_LCDPutCmd
		_LCDPutStr
		_LCD_Initialize
		_Read_MCP3221
		_SYSTEM_Initialize
		___fldiv
		___flmul
		___xxtofl
		_printf
		_sprintf
 This function is called by:
		Startup code after reset
 This function uses a non-reentrant model


 *************** function _sprintf *****************
 Defined at:
		line 9 in file "C:\Program Files (x86)\Microchip\xc8\v2.10\pic\sources\c99\common\nf_sprintf.c"
 Parameters:    Size  Location     Type
  s               2  112[BANK0 ] PTR unsigned char 
		 -> Buffer(20), 
  fmt             2  114[BANK0 ] PTR const unsigned char 
		 -> STR_3(6), 
 Auto vars:     Size  Location     Type
  f               6    4[BANK1 ] struct _IO_FILE
  ap              2    2[BANK1 ] PTR void [1]
		 -> ?_printf(2), ?_sprintf(2), 
  ret             2    0        int 
 Return value:  Size  Location     Type
                  2  112[BANK0 ] int 
 Registers used:
		wreg, fsr0l, fsr0h, fsr1l, fsr1h, fsr2l, fsr2h, status,2, status,0, tblptrl, tblptrh, tblptru, prodl, prodh, cstack
 Tracked objects:
		On entry : 
		On exit  : 
		Unchanged: 
 Data sizes:     COMRAM   BANK0   BANK1   BANK2   BANK3   BANK4   BANK5   BANK6   BANK7   BANK8   BANK9  BANK10  BANK11  BANK12  BANK13  BANK14  BANK15
      Params:         0       8       0       0       0       0       0       0       0       0       0       0       0       0       0       0       0
      Locals:         0       0      10       0       0       0       0       0       0       0       0       0       0       0       0       0       0
      Temps:          0       0       0       0       0       0       0       0       0       0       0       0       0       0       0       0       0
      Totals:         0       8      10       0       0       0       0       0       0       0       0       0       0       0       0       0       0
Total ram usage:       18 bytes
 Hardware stack levels used:    1
 Hardware stack levels required when called:   11
 This function calls:
		_vfprintf
 This function is called by:
		_main
 This function uses a non-reentrant model


 *************** function _printf *****************
 Defined at:
		line 5 in file "C:\Program Files (x86)\Microchip\xc8\v2.10\pic\sources\c99\common\printf.c"
 Parameters:    Size  Location     Type
  fmt             2  112[BANK0 ] PTR const unsigned char 
		 -> STR_6(16), STR_5(17), 
 Auto vars:     Size  Location     Type
  ap              2  120[BANK0 ] PTR void [1]
		 -> ?_printf(2), ?_sprintf(2), 
  ret             2    0        int 
 Return value:  Size  Location     Type
                  2  112[BANK0 ] int 
 Registers used:
[...]
Total ram usage:        2 bytes
 Hardware stack levels used:    1
 Hardware stack levels required when called:    4
 This function calls:
		_LCDWriteNibble
 This function is called by:
		_LCDPutStr
 This function uses a non-reentrant model


 *************** function _LCDGoto *****************
 Defined at:
		line 148 in file "lcd.c"
 Parameters:    Size  Location     Type
  pos             1    wreg     unsigned char 
  ln              1   11[COMRAM] unsigned char 
 Auto vars:     Size  Location     Type
  pos             1   16[COMRAM] unsigned char 
 Return value:  Size  Location     Type
                  1    wreg      void 
 Registers used:
		wreg, status,2, status,0, cstack
 Tracked objects:
		On entry : 
		On exit  : 
		Unchanged: 
 Data sizes:     COMRAM   BANK0   BANK1   BANK2   BANK3   BANK4   BANK5   BANK6   BANK7   BANK8   BANK9  BANK10  BANK11  BANK12  BANK13  BANK14  BANK15
      Params:         1       0       0       0       0       0       0       0       0       0       0       0       0       0       0       0       0
      Locals:         3       0       0       0       0       0       0       0       0       0       0       0       0       0       0       0       0
      Temps:          2       0       0       0       0       0       0       0       0       0       0       0       0       0       0       0       0
      Totals:         6       0       0       0       0       0       0       0       0       0       0       0       0       0       0       0       0
Total ram usage:        6 bytes
 Hardware stack levels used:    1
 Hardware stack levels required when called:    5
 This function calls:
		_LCDPutCmd
 This function is called by:
		_main
 This function uses a non-reentrant model


 *************** function _LCDPutCmd *****************
 Defined at:
		line 118 in file "lcd.c"
 Parameters:    Size  Location     Type
  ch              1    wreg     unsigned char 
 Auto vars:     Size  Location     Type
  ch              1   10[COMRAM] unsigned char 
 Return value:  Size  Location     Type
                  1    wreg      void 
 Registers used:
		wreg, status,2, status,0, cstack
 Tracked objects:
		On entry : 
		On exit  : 
		Unchanged: 
 Data sizes:     COMRAM   BANK0   BANK1   BANK2   BANK3   BANK4   BANK5   BANK6   BANK7   BANK8   BANK9  BANK10  BANK11  BANK12  BANK13  BANK14  BANK15
      Params:         0       0       0       0       0       0       0       0       0       0       0       0       0       0       0       0       0
      Locals:         1       0       0       0       0       0       0       0       0       0       0       0       0       0       0       0       0
      Temps:          1       0       0       0       0       0       0       0       0       0       0       0       0       0       0       0       0
      Totals:         2       0       0       0       0       0       0       0       0       0       0       0       0       0       0       0       0
Total ram usage:        2 bytes
 Hardware stack levels used:    1
 Hardware stack levels required when called:    4
 This function calls:
		_LCDWriteNibble
 This function is called by:
		_main
		_LCD_Initialize
		_LCDGoto
 This function uses a non-reentrant model


 *************** function _LCDWriteNibble *****************
 Defined at:
		line 76 in file "lcd.c"
 Parameters:    Size  Location     Type
  ch              1    wreg     unsigned char 
  rs              1    7[COMRAM] unsigned char 
 Auto vars:     Size  Location     Type
  ch              1    8[COMRAM] unsigned char 
 Return value:  Size  Location     Type
                  1    wreg      void 
 Registers used:
		wreg, status,2, status,0
 Tracked objects:
		On entry : 
		On exit  : 
		Unchanged: 
 Data sizes:     COMRAM   BANK0   BANK1   BANK2   BANK3   BANK4   BANK5   BANK6   BANK7   BANK8   BANK9  BANK10  BANK11  BANK12  BANK13  BANK14  BANK15
      Params:         1       0       0       0       0       0       0       0       0       0       0       0       0       0       0       0       0
      Locals:         1       0       0       0       0       0       0       0       0       0       0       0       0       0       0       0       0
      Temps:          0       0       0       0       0       0       0       0       0       0       0       0       0       0       0       0       0
      Totals:         2       0       0       0       0       0       0       0       0       0       0       0       0       0       0       0       0
Total ram usage:        2 bytes
 Hardware stack levels used:    1
 Hardware stack levels required when called:    3
 This function calls:
		Nothing
 This function is called by:
		_LCDPutChar
		_LCDPutCmd
 This function uses a non-reentrant model


 *************** function _INTERRUPT_InterruptManager *****************
 Defined at:
		line 58 in file "mcc_generated_files/interrupt_manager.c"
 Parameters:    Size  Location     Type
		None
 Auto vars:     Size  Location     Type
		None
 Return value:  Size  Location     Type
                  1    wreg      void 
 Registers used:
		wreg, fsr2l, fsr2h, status,2, status,0, cstack
 Tracked objects:
		On entry : 
		On exit  : 
		Unchanged: 
 Data sizes:     COMRAM   BANK0   BANK1   BANK2   BANK3   BANK4   BANK5   BANK6   BANK7   BANK8   BANK9  BANK10  BANK11  BANK12  BANK13  BANK14  BANK15
      Params:         0       0       0       0       0       0       0       0       0       0       0       0       0       0       0       0       0
      Locals:         0       0       0       0       0       0       0       0       0       0       0       0       0       0       0       0       0
      Temps:          2       0       0       0       0       0       0       0       0       0       0       0       0       0       0       0       0
      Totals:         2       0       0       0       0       0       0       0       0       0       0       0       0       0       0       0       0
Total ram usage:        2 bytes
 Hardware stack levels used:    1
 Hardware stack levels required when called:    2
 This function calls:
		_I2C1_BusCollisionISR
		_I2C1_ISR
 This function is called by:
		Interrupt level 2
 This function uses a non-reentrant model


 *************** function _I2C1_ISR *****************
 Defined at:
		line 235 in file "mcc_generated_files/i2c1.c"
 Parameters:    Size  Location     Type
		None
 Auto vars:     Size  Location     Type
		None
 Return value:  Size  Location     Type
                  1    wreg      void 
 Registers used:
		wreg, fsr2l, fsr2h, status,2, status,0, cstack
 Tracked objects:
		On entry : 
		On exit  : 
		Unchanged: 
 Data sizes:     COMRAM   BANK0   BANK1   BANK2   BANK3   BANK4   BANK5   BANK6   BANK7   BANK8   BANK9  BANK10  BANK11  BANK12  BANK13  BANK14  BANK15
      Params:         0       0       0       0       0       0       0       0       0       0       0       0       0       0       0       0       0
      Locals:         0       0       0       0       0       0       0       0       0       0       0       0       0       0       0       0       0
      Temps:          2       0       0       0       0       0       0       0       0       0       0       0       0       0       0       0       0
      Totals:         2       0       0       0       0       0       0       0       0       0       0       0       0       0       0       0       0
Total ram usage:        2 bytes
 Hardware stack levels used:    1
 Hardware stack levels required when called:    1
 This function calls:
		_I2C1_FunctionComplete
		_I2C1_Stop
 This function is called by:
		_INTERRUPT_InterruptManager
 This function uses a non-reentrant model


 *************** function _I2C1_Stop *****************
 Defined at:
		line 583 in file "mcc_generated_files/i2c1.c"
 Parameters:    Size  Location     Type
  completion_c    1    wreg     enum E5995
 Auto vars:     Size  Location     Type
  completion_c    1    2[COMRAM] enum E5995
 Return value:  Size  Location     Type
                  1    wreg      void 
 Registers used:
		wreg, fsr2l, fsr2h, status,2, status,0
 Tracked objects:
		On entry : 
		On exit  : 
		Unchanged: 
 Data sizes:     COMRAM   BANK0   BANK1   BANK2   BANK3   BANK4   BANK5   BANK6   BANK7   BANK8   BANK9  BANK10  BANK11  BANK12  BANK13  BANK14  BANK15
      Params:         0       0       0       0       0       0       0       0       0       0       0       0       0       0       0       0       0
      Locals:         1       0       0       0       0       0       0       0       0       0       0       0       0       0       0       0       0
      Temps:          2       0       0       0       0       0       0       0       0       0       0       0       0       0       0       0       0
      Totals:         3       0       0       0       0       0       0       0       0       0       0       0       0       0       0       0       0
Total ram usage:        3 bytes
 Hardware stack levels used:    1
 This function calls:
		Nothing
 This function is called by:
		_I2C1_ISR
 This function uses a non-reentrant model


 *************** function _I2C1_FunctionComplete *****************
 Defined at:
		line 565 in file "mcc_generated_files/i2c1.c"
 Parameters:    Size  Location     Type
		None
 Auto vars:     Size  Location     Type
		None
 Return value:  Size  Location     Type
                  1    wreg      void 
 Registers used:
		wreg, status,2, status,0
 Tracked objects:
		On entry : 
		On exit  : 
		Unchanged: 
 Data sizes:     COMRAM   BANK0   BANK1   BANK2   BANK3   BANK4   BANK5   BANK6   BANK7   BANK8   BANK9  BANK10  BANK11  BANK12  BANK13  BANK14  BANK15
      Params:         0       0       0       0       0       0       0       0       0       0       0       0       0       0       0       0       0
      Locals:         0       0       0       0       0       0       0       0       0       0       0       0       0       0       0       0       0
      Temps:          0       0       0       0       0       0       0       0       0       0       0       0       0       0       0       0       0
      Totals:         0       0       0       0       0       0       0       0       0       0       0       0       0       0       0       0       0
Total ram usage:        0 bytes
 Hardware stack levels used:    1
 This function calls:
		Nothing
 This function is called by:
		_I2C1_ISR
 This function uses a non-reentrant model


 *************** function _I2C1_BusCollisionISR *****************
 Defined at:
		line 742 in file "mcc_generated_files/i2c1.c"
 Parameters:    Size  Location     Type
		None
 Auto vars:     Size  Location     Type
		None
 Return value:  Size  Location     Type
                  1    wreg      void 
 Registers used:
		None
 Tracked objects:
		On entry : 
		On exit  : 
		Unchanged: 
 Data sizes:     COMRAM   BANK0   BANK1   BANK2   BANK3   BANK4   BANK5   BANK6   BANK7   BANK8   BANK9  BANK10  BANK11  BANK12  BANK13  BANK14  BANK15
      Params:         0       0       0       0       0       0       0       0       0       0       0       0       0       0       0       0       0
      Locals:         0       0       0       0       0       0       0       0       0       0       0       0       0       0       0       0       0
      Temps:          0       0       0       0       0       0       0       0       0       0       0       0       0       0       0       0       0
      Totals:         0       0       0       0       0       0       0       0       0       0       0       0       0       0       0       0       0
Total ram usage:        0 bytes
 Hardware stack levels used:    1
 This function calls:
		Nothing
 This function is called by:
		_INTERRUPT_InterruptManager
 This function uses a non-reentrant model



MODULE INFORMATION

Module		Function		Class		Link	Load	Size
C:\Program Files (x86)\Microchip\xc8\v2.10\pic\sources\c99\common\floorf.c
		_floorf        		CODE           	31BE	0000	535

C:\Program Files (x86)\Microchip\xc8\v2.10\pic\sources\c99\common\floorf.c estimated size: 535

C:\Program Files (x86)\Microchip\xc8\v2.10\pic\sources\c99\common\atoi.c
		_atoi          		CODE           	3588	0000	411

C:\Program Files (x86)\Microchip\xc8\v2.10\pic\sources\c99\common\atoi.c estimated size: 411

C:\Program Files (x86)\Microchip\xc8\v2.10\pic\sources\c99\common\fleq.c
		___fleq        		CODE           	3F5C	0000	171

C:\Program Files (x86)\Microchip\xc8\v2.10\pic\sources\c99\common\fleq.c estimated size: 171

C:\Program Files (x86)\Microchip\xc8\v2.10\pic\sources\c99\common\xxtofl.c
		___xxtofl      		CODE           	33D4	0000	437

C:\Program Files (x86)\Microchip\xc8\v2.10\pic\sources\c99\common\xxtofl.c estimated size: 437

mcc_generated_files/interrupt_manager.c
		_INTERRUPT_Initialize		CODE           	4800	0000	5
		_INTERRUPT_InterruptManager		CODE           	0008	0000	109

mcc_generated_files/interrupt_manager.c estimated size: 114

C:\Program Files (x86)\Microchip\xc8\v2.10\pic\sources\c99\common\awdiv.c
		___awdiv       		CODE           	3D26	0000	197

C:\Program Files (x86)\Microchip\xc8\v2.10\pic\sources\c99\common\awdiv.c estimated size: 197

C:\Program Files (x86)\Microchip\xc8\v2.10\pic\sources\c99\common\isspace.c
		_isspace       		CODE           	426E	0000	83

C:\Program Files (x86)\Microchip\xc8\v2.10\pic\sources\c99\common\isspace.c estimated size: 83

C:\Program Files (x86)\Microchip\xc8\v2.10\pic\sources\c99\common\strlen.c
		_strlen        		CODE           	45A8	0000	55

C:\Program Files (x86)\Microchip\xc8\v2.10\pic\sources\c99\common\strlen.c estimated size: 55

C:\Program Files (x86)\Microchip\xc8\v2.10\pic\sources\c99\common\fltol.c
		___fltol       		CODE           	3878	0000	263

C:\Program Files (x86)\Microchip\xc8\v2.10\pic\sources\c99\common\fltol.c estimated size: 263

mcc_generated_files/i2c1.c
		_I2C1_BusCollisionISR		CODE           	4804	0000	5
		_I2C1_FunctionComplete		CODE           	4756	0000	31
		_I2C1_ISR      		CODE           	2EA0	0000	799
		_I2C1_Initialize		CODE           	45DE	0000	53
		_I2C1_Stop     		CODE           	42C0	0000	75

mcc_generated_files/i2c1.c estimated size: 963

C:\Program Files (x86)\Microchip\xc8\v2.10\pic\sources\c99\common\strcpy.c
		_strcpy        		CODE           	41B6	0000	95

C:\Program Files (x86)\Microchip\xc8\v2.10\pic\sources\c99\common\strcpy.c estimated size: 95

C:\Program Files (x86)\Microchip\xc8\v2.10\pic\sources\c99\common\strncmp.c
		_strncmp       		CODE           	3B80	0000	221

C:\Program Files (x86)\Microchip\xc8\v2.10\pic\sources\c99\common\strncmp.c estimated size: 221

C:\Program Files (x86)\Microchip\xc8\v2.10\pic\sources\c99\common\tolower.c
		_tolower       		CODE           	4156	0000	97

C:\Program Files (x86)\Microchip\xc8\v2.10\pic\sources\c99\common\tolower.c estimated size: 97

mcc_generated_files/pin_manager.c
		_PIN_MANAGER_Initialize		CODE           	4394	0000	65

mcc_generated_files/pin_manager.c estimated size: 65

C:\Program Files (x86)\Microchip\xc8\v2.10\pic\sources\c99\common\sprcmul.c
		___flmul       		CODE           	26DC	0000	1067

C:\Program Files (x86)\Microchip\xc8\v2.10\pic\sources\c99\common\sprcmul.c estimated size: 1067

C:\Program Files (x86)\Microchip\xc8\v2.10\pic\sources\c99\common\sprcdiv.c
		___fldiv       		CODE           	2B06	0000	923

C:\Program Files (x86)\Microchip\xc8\v2.10\pic\sources\c99\common\sprcdiv.c estimated size: 923

C:\Program Files (x86)\Microchip\xc8\v2.10\pic\sources\c99\common\doprnt.c
		_vfpfcnvrt     		CODE           	1C0E	0000	1551
		_efgtoa        		CODE           	105C	0000	2995
		_pad           		CODE           	3DEA	0000	195
		_vfprintf      		CODE           	40F2	0000	101

C:\Program Files (x86)\Microchip\xc8\v2.10\pic\sources\c99\common\doprnt.c estimated size: 4842

C:\Program Files (x86)\Microchip\xc8\v2.10\pic\sources\c99\common\nf_fputs.c
		_fputs         		CODE           	4350	0000	69

C:\Program Files (x86)\Microchip\xc8\v2.10\pic\sources\c99\common\nf_fputs.c estimated size: 69

C:\Program Files (x86)\Microchip\xc8\v2.10\pic\sources\c99\common\flge.c
		___flge        		CODE           	397E	0000	261

C:\Program Files (x86)\Microchip\xc8\v2.10\pic\sources\c99\common\flge.c estimated size: 261

C:\Program Files (x86)\Microchip\xc8\v2.10\pic\sources\c99\common\flneg.c
		___flneg       		CODE           	4538	0000	57

C:\Program Files (x86)\Microchip\xc8\v2.10\pic\sources\c99\common\flneg.c estimated size: 57

shared
		__initialization		CODE           	4612	0000	37

shared estimated size: 37

mcc_generated_files/eusart1.c
		_EUSART1_Initialize		CODE           	43D4	0000	65
		_putch         		CODE           	47D8	0000	11
		_EUSART1_SetFramingErrorHandler		CODE           	47EC	0000	11
		_EUSART1_SetOverrunErrorHandler		CODE           	47E2	0000	11
		_EUSART1_SetErrorHandler		CODE           	47F6	0000	11
		_EUSART1_Write 		CODE           	478C	0000	23

mcc_generated_files/eusart1.c estimated size: 132

mcc_generated_files/mcc.c
		_OSCILLATOR_Initialize		CODE           	47CA	0000	15
		_SYSTEM_Initialize		CODE           	47A2	0000	23

mcc_generated_files/mcc.c estimated size: 38

C:\Program Files (x86)\Microchip\xc8\v2.10\pic\sources\c99\common\isdigit.c
		_isdigit       		CODE           	4570	0000	57

C:\Program Files (x86)\Microchip\xc8\v2.10\pic\sources\c99\common\isdigit.c estimated size: 57

C:\Program Files (x86)\Microchip\xc8\v2.10\pic\sources\c99\common\sprcadd.c
		___flsub       		CODE           	430A	0000	71
		___fladd       		CODE           	221C	0000	1217

C:\Program Files (x86)\Microchip\xc8\v2.10\pic\sources\c99\common\sprcadd.c estimated size: 1288

C:\Program Files (x86)\Microchip\xc8\v2.10\pic\sources\c99\common\nf_sprintf.c
		_sprintf       		CODE           	4214	0000	91

C:\Program Files (x86)\Microchip\xc8\v2.10\pic\sources\c99\common\nf_sprintf.c estimated size: 91

lcd.c
		_LCDPutCmd     		CODE           	44C6	0000	59
		_LCDPutStr     		CODE           	4006	0000	125
		_LCDPutChar    		CODE           	466C	0000	45
		_LCD_Initialize		CODE           	448C	0000	59
		_LCDWriteNibble		CODE           	4698	0000	45
		_LCDGoto       		CODE           	4082	0000	113

lcd.c estimated size: 446

C:\Program Files (x86)\Microchip\xc8\v2.10\pic\sources\c99\common\Umul16.c
		___wmul        		CODE           	46EC	0000	39

C:\Program Files (x86)\Microchip\xc8\v2.10\pic\sources\c99\common\Umul16.c estimated size: 39

C:\Program Files (x86)\Microchip\xc8\v2.10\pic\sources\c99\common\awmod.c
		___awmod       		CODE           	3EAC	0000	177

C:\Program Files (x86)\Microchip\xc8\v2.10\pic\sources\c99\common\awmod.c estimated size: 177

main.c
		_i2c_start     		CODE           	4450	0000	61
		_i2c_master_ack		CODE           	4738	0000	31
		_main          		CODE           	3722	0000	343
		_i2c_idle      		CODE           	4712	0000	39
		_i2c_write     		CODE           	4640	0000	45
		_i2c_stop      		CODE           	47B8	0000	19
		_i2c_read      		CODE           	4774	0000	25
		_Read_MCP3221  		CODE           	4414	0000	61

main.c estimated size: 624

C:\Program Files (x86)\Microchip\xc8\v2.10\pic\sources\c99\common\isupper.c
		_isupper       		CODE           	4500	0000	57

C:\Program Files (x86)\Microchip\xc8\v2.10\pic\sources\c99\common\isupper.c estimated size: 57

C:\Program Files (x86)\Microchip\xc8\v2.10\pic\sources\c99\common\printf.c
		_printf        		CODE           	46C4	0000	41

C:\Program Files (x86)\Microchip\xc8\v2.10\pic\sources\c99\common\printf.c estimated size: 41

C:\Program Files (x86)\Microchip\xc8\v2.10\pic\sources\c99\common\__fpclassifyf.c
		___fpclassifyf 		CODE           	3A82	0000	255

C:\Program Files (x86)\Microchip\xc8\v2.10\pic\sources\c99\common\__fpclassifyf.c estimated size: 255

C:\Program Files (x86)\Microchip\xc8\v2.10\pic\sources\c99\common\nf_fputc.c
		_fputc         		CODE           	3C5C	0000	203

C:\Program Files (x86)\Microchip\xc8\v2.10\pic\sources\c99\common\nf_fputc.c estimated size: 203

